Archive member included to satisfy reference by file (symbol)

C:/Program Files/Microchip/xc32/v5.00/bin/bin/../../lib/gcc/pic32m/13.2.1/../../../../pic32m/lib\libpic32.a(default-bootstrap-exception-handler.o)
                              C:\Users\sabog\AppData\Local\Temp\ccK7n0ed.o (_bootstrap_exception_handler)
C:/Program Files/Microchip/xc32/v5.00/bin/bin/../../lib/gcc/pic32m/13.2.1/../../../../pic32m/lib\libpic32.a(default-on-reset.o)
                              C:\Users\sabog\AppData\Local\Temp\ccK7n0ed.o (_on_reset)
C:/Program Files/Microchip/xc32/v5.00/bin/bin/../../lib/gcc/pic32m/13.2.1/../../../../pic32m/lib\libpic32.a(default-on-bootstrap.o)
                              C:\Users\sabog\AppData\Local\Temp\ccK7n0ed.o (_on_bootstrap)
C:/Program Files/Microchip/xc32/v5.00/bin/bin/../../lib/gcc/pic32m/13.2.1/../../../../pic32m/lib\libpic32.a(default-nmi-handler.o)
                              C:\Users\sabog\AppData\Local\Temp\ccK7n0ed.o (_nmi_handler)
C:/Program Files/Microchip/xc32/v5.00/bin/bin/../../lib/gcc/pic32m/13.2.1/../../../../pic32m/lib\libpic32.a(xc32_uart.o)
                              build/default/production/FrameworkSource/terminal.o (__XC_UART)
C:/Program Files/Microchip/xc32/v5.00/bin/bin/../../lib/gcc/pic32m/13.2.1/../../../../pic32m/lib\libpic32.a(pic32_data_init_core.o)
                              C:\Users\sabog\AppData\Local\Temp\ccK7n0ed.o (__pic32_data_init)
C:/Program Files/Microchip/xc32/v5.00/bin/bin/../../lib/gcc/pic32m/13.2.1/../../../../pic32m/lib\libpic32.a(general-exception.o)
                              C:\Users\sabog\AppData\Local\Temp\ccK7n0ed.o (_general_exception_context)
C:/Program Files/Microchip/xc32/v5.00/bin/bin/../../lib/gcc/pic32m/13.2.1/../../../../pic32m/lib\libpic32.a(vector1.o)
                              C:\Users\sabog\AppData\Local\Temp\ccIR8nLL.o (__vector_dispatch_1)
C:/Program Files/Microchip/xc32/v5.00/bin/bin/../../lib/gcc/pic32m/13.2.1/../../../../pic32m/lib\libpic32.a(vector2.o)
                              C:\Users\sabog\AppData\Local\Temp\ccIR8nLL.o (__vector_dispatch_2)
C:/Program Files/Microchip/xc32/v5.00/bin/bin/../../lib/gcc/pic32m/13.2.1/../../../../pic32m/lib\libpic32.a(vector3.o)
                              C:\Users\sabog\AppData\Local\Temp\ccIR8nLL.o (__vector_dispatch_3)
C:/Program Files/Microchip/xc32/v5.00/bin/bin/../../lib/gcc/pic32m/13.2.1/../../../../pic32m/lib\libpic32.a(vector4.o)
                              C:\Users\sabog\AppData\Local\Temp\ccIR8nLL.o (__vector_dispatch_4)
C:/Program Files/Microchip/xc32/v5.00/bin/bin/../../lib/gcc/pic32m/13.2.1/../../../../pic32m/lib\libpic32.a(vector5.o)
                              C:\Users\sabog\AppData\Local\Temp\ccIR8nLL.o (__vector_dispatch_5)
C:/Program Files/Microchip/xc32/v5.00/bin/bin/../../lib/gcc/pic32m/13.2.1/../../../../pic32m/lib\libpic32.a(vector6.o)
                              C:\Users\sabog\AppData\Local\Temp\ccIR8nLL.o (__vector_dispatch_6)
C:/Program Files/Microchip/xc32/v5.00/bin/bin/../../lib/gcc/pic32m/13.2.1/../../../../pic32m/lib\libpic32.a(vector8.o)
                              C:\Users\sabog\AppData\Local\Temp\ccIR8nLL.o (__vector_dispatch_8)
C:/Program Files/Microchip/xc32/v5.00/bin/bin/../../lib/gcc/pic32m/13.2.1/../../../../pic32m/lib\libpic32.a(vector9.o)
                              C:\Users\sabog\AppData\Local\Temp\ccIR8nLL.o (__vector_dispatch_9)
C:/Program Files/Microchip/xc32/v5.00/bin/bin/../../lib/gcc/pic32m/13.2.1/../../../../pic32m/lib\libpic32.a(vector10.o)
                              C:\Users\sabog\AppData\Local\Temp\ccIR8nLL.o (__vector_dispatch_10)
C:/Program Files/Microchip/xc32/v5.00/bin/bin/../../lib/gcc/pic32m/13.2.1/../../../../pic32m/lib\libpic32.a(vector11.o)
                              C:\Users\sabog\AppData\Local\Temp\ccIR8nLL.o (__vector_dispatch_11)
C:/Program Files/Microchip/xc32/v5.00/bin/bin/../../lib/gcc/pic32m/13.2.1/../../../../pic32m/lib\libpic32.a(vector12.o)
                              C:\Users\sabog\AppData\Local\Temp\ccIR8nLL.o (__vector_dispatch_12)
C:/Program Files/Microchip/xc32/v5.00/bin/bin/../../lib/gcc/pic32m/13.2.1/../../../../pic32m/lib\libpic32.a(vector13.o)
                              C:\Users\sabog\AppData\Local\Temp\ccIR8nLL.o (__vector_dispatch_13)
C:/Program Files/Microchip/xc32/v5.00/bin/bin/../../lib/gcc/pic32m/13.2.1/../../../../pic32m/lib\libpic32.a(vector14.o)
                              C:\Users\sabog\AppData\Local\Temp\ccIR8nLL.o (__vector_dispatch_14)
C:/Program Files/Microchip/xc32/v5.00/bin/bin/../../lib/gcc/pic32m/13.2.1/../../../../pic32m/lib\libpic32.a(vector16.o)
                              C:\Users\sabog\AppData\Local\Temp\ccIR8nLL.o (__vector_dispatch_16)
C:/Program Files/Microchip/xc32/v5.00/bin/bin/../../lib/gcc/pic32m/13.2.1/../../../../pic32m/lib\libpic32.a(vector17.o)
                              C:\Users\sabog\AppData\Local\Temp\ccIR8nLL.o (__vector_dispatch_17)
[...]
Memory Configuration

Name             Origin             Length             Attributes
kseg0_program_mem 0x9d000000         0x0003f000         xr
exception_mem    0x9d03f000         0x00001000
debug_exec_mem   0x9fc00490         0x00000760
kseg0_boot_mem   0x9fc00490         0x00000000
kseg1_boot_mem   0xbfc00000         0x00000490
config3          0xbfc00bf0         0x00000004
config2          0xbfc00bf4         0x00000004
config1          0xbfc00bf8         0x00000004
config0          0xbfc00bfc         0x00000004
kseg1_data_mem   0xa0000000         0x00010000         w!x
sfrs             0xbf800000         0x00100000
configsfrs       0xbfc00bf0         0x00000010
*default*        0x00000000         0xffffffff

Linker script and memory map

LOAD build/default/production/FrameworkSource/ES_CheckEvents.o
LOAD build/default/production/FrameworkSource/ES_DeferRecall.o
LOAD build/default/production/FrameworkSource/ES_Framework.o
LOAD build/default/production/FrameworkSource/ES_LookupTables.o
LOAD build/default/production/FrameworkSource/ES_Port.o
LOAD build/default/production/FrameworkSource/ES_PostList.o
LOAD build/default/production/FrameworkSource/ES_Queue.o
LOAD build/default/production/FrameworkSource/ES_Timers.o
LOAD build/default/production/FrameworkSource/terminal.o
LOAD build/default/production/FrameworkSource/circular_buffer_no_modulo_threadsafe.o
LOAD build/default/production/FrameworkSource/dbprintf.o
LOAD build/default/production/ProjectSource/EventCheckers.o
LOAD build/default/production/ProjectSource/main.o
LOAD build/default/production/ProjectSource/PIC32_IC_Lib.o
LOAD build/default/production/ProjectSource/PIC32_PWM_Lib.o
LOAD build/default/production/ProjectSource/PIC32_SPI_HAL.o
LOAD build/default/production/ProjectSource/SPIFollowService.o
LOAD build/default/production/ProjectSource/StepperService.o
LOAD build/default/production/ProjectSource/DropoffLoweringArmFSM.o
LOAD build/default/production/ProjectSource/FieldSideServoService.o
LOAD build/default/production/ProjectSource/IntakeService.o
LOAD build/default/production/ProjectSource/OperatorFSM.o
LOAD build/default/production/ProjectSource/KeyboardService.o
                0x00000001                        __MPLAB_BUILD = 0x1
                0x00000100                        _min_heap_size = 0x100
LOAD C:\Users\sabog\AppData\Local\Temp\ccK7n0ed.o
LOAD C:\Users\sabog\AppData\Local\Temp\ccPnBBnU.o
LOAD C:\Users\sabog\AppData\Local\Temp\ccIR8nLL.o
LOAD C:/Program Files/Microchip/xc32/v5.00/bin/bin/../../lib/gcc/pic32m/13.2.1/../../../../pic32m/lib\debug-exception-return.o
LOAD C:/Program Files/Microchip/xc32/v5.00/bin/bin/../../lib/gcc/pic32m/13.2.1/../../../../pic32m/lib\pic32_software_reset.o
LOAD C:/Program Files/Microchip/xc32/v5.00/bin/bin/../../lib/gcc/pic32m/13.2.1\libgcc.a
START GROUP
LOAD C:/Program Files/Microchip/xc32/v5.00/bin/bin/../../lib/gcc/pic32m/13.2.1/../../../../pic32m/lib\libpic32.a
LOAD C:/Program Files/Microchip/xc32/v5.00/bin/bin/../../lib/gcc/pic32m/13.2.1/../../../../pic32m/lib\libc-size-musl.a
LOAD C:/Program Files/Microchip/xc32/v5.00/bin/bin/../../lib/gcc/pic32m/13.2.1/../../../../pic32m/lib\liblmalloc-musl.a
LOAD C:/Program Files/Microchip/xc32/v5.00/bin/bin/../../lib/gcc/pic32m/13.2.1/../../../../pic32m/lib\libdebug.a
LOAD C:/Program Files/Microchip/xc32/v5.00/bin/bin/../../lib/gcc/pic32m/13.2.1/../../../../pic32m/lib\libc-musl.a
LOAD C:/Program Files/Microchip/xc32/v5.00/bin/bin/../../lib/gcc/pic32m/13.2.1/../../../../pic32m/lib\libm.a
LOAD C:/Program Files/Microchip/xc32/v5.00/bin/bin/../../lib/gcc/pic32m/13.2.1/../../../../pic32m/lib\libe.a
LOAD C:/Program Files/Microchip/xc32/v5.00/bin/bin/../../lib/gcc/pic32m/13.2.1/../../../../pic32m/lib\libm-musl.a
LOAD C:/Program Files/Microchip/xc32/v5.00/bin/bin/../../lib/gcc/pic32m/13.2.1/../../../../pic32m/lib\libdsp.a
END GROUP
LOAD C:/Program Files/Microchip/xc32/v5.00/bin/bin/../../lib/gcc/pic32m/13.2.1\libgcc.a
                0x00000400                        PROVIDE (_min_stack_size = 0x400)
START GROUP
LOAD libmchp_peripheral.a
END GROUP
START GROUP
LOAD libmchp_peripheral_32MX170F256B.a
END GROUP
                0x00000001                        PROVIDE (_vector_spacing = 0x1)
                0x9d03f000                        PROVIDE (_ebase_address = 0x9d03f000)
                0xbfc00000                        _RESET_ADDR = 0xbfc00000
                0xbfc00380                        _BEV_EXCPT_ADDR = 0xbfc00380
                0xbfc00480                        _DBG_EXCPT_ADDR = 0xbfc00480
                0x9fc00490                        _DBG_CODE_ADDR = 0x9fc00490
                0x00000760                        _DBG_CODE_SIZE = 0x760
                0x9d03f180                        _GEN_EXCPT_ADDR = (_ebase_address + 0x180)

.config_BFC00BF0
                0xbfc00bf0        0x4
 *(.config_BFC00BF0)
 .config_BFC00BF0
                0xbfc00bf0        0x4 build/default/production/FrameworkSource/ES_Port.o
                0xbfc00bf0                __config_BFC00BF0

.config_BFC00BF4
                0xbfc00bf4        0x4
 *(.config_BFC00BF4)
 .config_BFC00BF4
                0xbfc00bf4        0x4 build/default/production/FrameworkSource/ES_Port.o
                0xbfc00bf4                __config_BFC00BF4

.config_BFC00BF8
                0xbfc00bf8        0x4
 *(.config_BFC00BF8)
 .config_BFC00BF8
                0xbfc00bf8        0x4 build/default/production/FrameworkSource/ES_Port.o
                0xbfc00bf8                __config_BFC00BF8

.config_BFC00BFC
                0xbfc00bfc        0x4
 *(.config_BFC00BFC)
 .config_BFC00BFC
                0xbfc00bfc        0x4 build/default/production/FrameworkSource/ES_Port.o
                0xbfc00bfc                __config_BFC00BFC

.reset          0xbfc00000      0x178
 *(.reset)
 .reset         0xbfc00000        0x8 C:\Users\sabog\AppData\Local\Temp\ccK7n0ed.o
                0xbfc00000                _reset
 *(.reset.startup)
 .reset.startup
                0xbfc00008      0x170 C:\Users\sabog\AppData\Local\Temp\ccK7n0ed.o
                0xbfc00008                _startup

.bev_excpt      0xbfc00380       0x10
 *(.bev_handler)
 .bev_handler   0xbfc00380       0x10 C:\Users\sabog\AppData\Local\Temp\ccK7n0ed.o

.dbg_excpt      0xbfc00480        0x0
                0xbfc00480                        . = (. + DEFINED (_DEBUGGER)?0x8:0x0)

.dbg_code       0x9fc00490        0x0
                0x9fc00490                        . = (. + DEFINED (_DEBUGGER)?_DBG_CODE_SIZE:0x0)

.app_excpt      0x9d03f180       0x10
 *(.gen_handler)
 .gen_handler   0x9d03f180       0x10 C:\Users\sabog\AppData\Local\Temp\ccK7n0ed.o

.vector_0       0x9d03f200        0x8
 *(.vector_0)
 .vector_0      0x9d03f200        0x8 build/default/production/FrameworkSource/ES_Port.o
                0x9d03f200                __vector_dispatch_0
                0x00000001                        ASSERT (((_vector_spacing == 0x0) || (SIZEOF (.vector_0) <= (_vector_spacing << 0x5))), function at exception vector 0 too large)

.vector_1       0x9d03f220        0x8
 *(.vector_1)
 .vector_1      0x9d03f220        0x8 C:/Program Files/Microchip/xc32/v5.00/bin/bin/../../lib/gcc/pic32m/13.2.1/../../../../pic32m/lib\libpic32.a(vector1.o)
                0x9d03f220                __vector_dispatch_1
                0x00000001                        ASSERT (((_vector_spacing == 0x0) || (SIZEOF (.vector_1) <= (_vector_spacing << 0x5))), function at exception vector 1 too large)

.vector_2       0x9d03f240        0x8
 *(.vector_2)
 .vector_2      0x9d03f240        0x8 C:/Program Files/Microchip/xc32/v5.00/bin/bin/../../lib/gcc/pic32m/13.2.1/../../../../pic32m/lib\libpic32.a(vector2.o)
                0x9d03f240                __vector_dispatch_2
                0x00000001                        ASSERT (((_vector_spacing == 0x0) || (SIZEOF (.vector_2) <= (_vector_spacing << 0x5))), function at exception vector 2 too large)

.vector_3       0x9d03f260        0x8
 *(.vector_3)
 .vector_3      0x9d03f260        0x8 C:/Program Files/Microchip/xc32/v5.00/bin/bin/../../lib/gcc/pic32m/13.2.1/../../../../pic32m/lib\libpic32.a(vector3.o)
                0x9d03f260                __vector_dispatch_3
                0x00000001                        ASSERT (((_vector_spacing == 0x0) || (SIZEOF (.vector_3) <= (_vector_spacing << 0x5))), function at exception vector 3 too large)

.vector_4       0x9d03f280        0x8
 *(.vector_4)
 .vector_4      0x9d03f280        0x8 C:/Program Files/Microchip/xc32/v5.00/bin/bin/../../lib/gcc/pic32m/13.2.1/../../../../pic32m/lib\libpic32.a(vector4.o)
                0x9d03f280                __vector_dispatch_4
                0x00000001                        ASSERT (((_vector_spacing == 0x0) || (SIZEOF (.vector_4) <= (_vector_spacing << 0x5))), function at exception vector 4 too large)

.vector_5       0x9d03f2a0        0x8
 *(.vector_5)
 .vector_5      0x9d03f2a0        0x8 C:/Program Files/Microchip/xc32/v5.00/bin/bin/../../lib/gcc/pic32m/13.2.1/../../../../pic32m/lib\libpic32.a(vector5.o)
                0x9d03f2a0                __vector_dispatch_5
                0x00000001                        ASSERT (((_vector_spacing == 0x0) || (SIZEOF (.vector_5) <= (_vector_spacing << 0x5))), function at exception vector 5 too large)

.vector_6       0x9d03f2c0        0x8
 *(.vector_6)
 .vector_6      0x9d03f2c0        0x8 C:/Program Files/Microchip/xc32/v5.00/bin/bin/../../lib/gcc/pic32m/13.2.1/../../../../pic32m/lib\libpic32.a(vector6.o)
                0x9d03f2c0                __vector_dispatch_6
                0x00000001                        ASSERT (((_vector_spacing == 0x0) || (SIZEOF (.vector_6) <= (_vector_spacing << 0x5))), function at exception vector 6 too large)

.vector_7       0x9d03f2e0        0x8
 *(.vector_7)
 .vector_7      0x9d03f2e0        0x8 build/default/production/ProjectSource/OperatorFSM.o
                0x9d03f2e0                __vector_dispatch_7
                0x00000001                        ASSERT (((_vector_spacing == 0x0) || (SIZEOF (.vector_7) <= (_vector_spacing << 0x5))), function at exception vector 7 too large)

.vector_8       0x9d03f300        0x8
 *(.vector_8)
 .vector_8      0x9d03f300        0x8 C:/Program Files/Microchip/xc32/v5.00/bin/bin/../../lib/gcc/pic32m/13.2.1/../../../../pic32m/lib\libpic32.a(vector8.o)
                0x9d03f300                __vector_dispatch_8
                0x00000001                        ASSERT (((_vector_spacing == 0x0) || (SIZEOF (.vector_8) <= (_vector_spacing << 0x5))), function at exception vector 8 too large)

.vector_9       0x9d03f320        0x8
 *(.vector_9)
 .vector_9      0x9d03f320        0x8 C:/Program Files/Microchip/xc32/v5.00/bin/bin/../../lib/gcc/pic32m/13.2.1/../../../../pic32m/lib\libpic32.a(vector9.o)
                0x9d03f320                __vector_dispatch_9
                0x00000001                        ASSERT (((_vector_spacing == 0x0) || (SIZEOF (.vector_9) <= (_vector_spacing << 0x5))), function at exception vector 9 too large)

.vector_10      0x9d03f340        0x8
 *(.vector_10)
 .vector_10     0x9d03f340        0x8 C:/Program Files/Microchip/xc32/v5.00/bin/bin/../../lib/gcc/pic32m/13.2.1/../../../../pic32m/lib\libpic32.a(vector10.o)
                0x9d03f340                __vector_dispatch_10
                0x00000001                        ASSERT (((_vector_spacing == 0x0) || (SIZEOF (.vector_10) <= (_vector_spacing << 0x5))), function at exception vector 10 too large)

.vector_11      0x9d03f360        0x8
 *(.vector_11)
 .vector_11     0x9d03f360        0x8 C:/Program Files/Microchip/xc32/v5.00/bin/bin/../../lib/gcc/pic32m/13.2.1/../../../../pic32m/lib\libpic32.a(vector11.o)
                0x9d03f360                __vector_dispatch_11
                0x00000001                        ASSERT (((_vector_spacing == 0x0) || (SIZEOF (.vector_11) <= (_vector_spacing << 0x5))), function at exception vector 11 too large)

.vector_12      0x9d03f380        0x8
 *(.vector_12)
 .vector_12     0x9d03f380        0x8 C:/Program Files/Microchip/xc32/v5.00/bin/bin/../../lib/gcc/pic32m/13.2.1/../../../../pic32m/lib\libpic32.a(vector12.o)
                0x9d03f380                __vector_dispatch_12
                0x00000001                        ASSERT (((_vector_spacing == 0x0) || (SIZEOF (.vector_12) <= (_vector_spacing << 0x5))), function at exception vector 12 too large)

.vector_13      0x9d03f3a0        0x8
 *(.vector_13)
 .vector_13     0x9d03f3a0        0x8 C:/Program Files/Microchip/xc32/v5.00/bin/bin/../../lib/gcc/pic32m/13.2.1/../../../../pic32m/lib\libpic32.a(vector13.o)
                0x9d03f3a0                __vector_dispatch_13
                0x00000001                        ASSERT (((_vector_spacing == 0x0) || (SIZEOF (.vector_13) <= (_vector_spacing << 0x5))), function at exception vector 13 too large)

.vector_14      0x9d03f3c0        0x8
 *(.vector_14)
 .vector_14     0x9d03f3c0        0x8 C:/Program Files/Microchip/xc32/v5.00/bin/bin/../../lib/gcc/pic32m/13.2.1/../../../../pic32m/lib\libpic32.a(vector14.o)
                0x9d03f3c0                __vector_dispatch_14
                0x00000001                        ASSERT (((_vector_spacing == 0x0) || (SIZEOF (.vector_14) <= (_vector_spacing << 0x5))), function at exception vector 14 too large)

.vector_15      0x9d03f3e0        0x8
 *(.vector_15)
 .vector_15     0x9d03f3e0        0x8 build/default/production/ProjectSource/OperatorFSM.o
                0x9d03f3e0                __vector_dispatch_15
                0x00000001                        ASSERT (((_vector_spacing == 0x0) || (SIZEOF (.vector_15) <= (_vector_spacing << 0x5))), function at exception vector 15 too large)

.vector_16      0x9d03f400        0x8
 *(.vector_16)
 .vector_16     0x9d03f400        0x8 C:/Program Files/Microchip/xc32/v5.00/bin/bin/../../lib/gcc/pic32m/13.2.1/../../../../pic32m/lib\libpic32.a(vector16.o)
                0x9d03f400                __vector_dispatch_16
                0x00000001                        ASSERT (((_vector_spacing == 0x0) || (SIZEOF (.vector_16) <= (_vector_spacing << 0x5))), function at exception vector 16 too large)

.vector_17      0x9d03f420        0x8
 *(.vector_17)
 .vector_17     0x9d03f420        0x8 C:/Program Files/Microchip/xc32/v5.00/bin/bin/../../lib/gcc/pic32m/13.2.1/../../../../pic32m/lib\libpic32.a(vector17.o)
                0x9d03f420                __vector_dispatch_17
                0x00000001                        ASSERT (((_vector_spacing == 0x0) || (SIZEOF (.vector_17) <= (_vector_spacing << 0x5))), function at exception vector 17 too large)

.vector_18      0x9d03f440        0x8
 *(.vector_18)
 .vector_18     0x9d03f440        0x8 C:/Program Files/Microchip/xc32/v5.00/bin/bin/../../lib/gcc/pic32m/13.2.1/../../../../pic32m/lib\libpic32.a(vector18.o)
                0x9d03f440                __vector_dispatch_18
                0x00000001                        ASSERT (((_vector_spacing == 0x0) || (SIZEOF (.vector_18) <= (_vector_spacing << 0x5))), function at exception vector 18 too large)

.vector_19      0x9d03f460        0x8
 *(.vector_19)
 .vector_19     0x9d03f460        0x8 C:/Program Files/Microchip/xc32/v5.00/bin/bin/../../lib/gcc/pic32m/13.2.1/../../../../pic32m/lib\libpic32.a(vector19.o)
                0x9d03f460                __vector_dispatch_19
                0x00000001                        ASSERT (((_vector_spacing == 0x0) || (SIZEOF (.vector_19) <= (_vector_spacing << 0x5))), function at exception vector 19 too large)

.vector_20      0x9d03f480        0x8
 *(.vector_20)
 .vector_20     0x9d03f480        0x8 C:/Program Files/Microchip/xc32/v5.00/bin/bin/../../lib/gcc/pic32m/13.2.1/../../../../pic32m/lib\libpic32.a(vector20.o)
                0x9d03f480                __vector_dispatch_20
                0x00000001                        ASSERT (((_vector_spacing == 0x0) || (SIZEOF (.vector_20) <= (_vector_spacing << 0x5))), function at exception vector 20 too large)

.vector_21      0x9d03f4a0        0x8
 *(.vector_21)
 .vector_21     0x9d03f4a0        0x8 C:/Program Files/Microchip/xc32/v5.00/bin/bin/../../lib/gcc/pic32m/13.2.1/../../../../pic32m/lib\libpic32.a(vector21.o)
                0x9d03f4a0                __vector_dispatch_21
                0x00000001                        ASSERT (((_vector_spacing == 0x0) || (SIZEOF (.vector_21) <= (_vector_spacing << 0x5))), function at exception vector 21 too large)

.vector_22      0x9d03f4c0        0x8
 *(.vector_22)
 .vector_22     0x9d03f4c0        0x8 C:/Program Files/Microchip/xc32/v5.00/bin/bin/../../lib/gcc/pic32m/13.2.1/../../../../pic32m/lib\libpic32.a(vector22.o)
                0x9d03f4c0                __vector_dispatch_22
                0x00000001                        ASSERT (((_vector_spacing == 0x0) || (SIZEOF (.vector_22) <= (_vector_spacing << 0x5))), function at exception vector 22 too large)

.vector_23      0x9d03f4e0        0x8
 *(.vector_23)
 .vector_23     0x9d03f4e0        0x8 C:/Program Files/Microchip/xc32/v5.00/bin/bin/../../lib/gcc/pic32m/13.2.1/../../../../pic32m/lib\libpic32.a(vector23.o)
                0x9d03f4e0                __vector_dispatch_23
                0x00000001                        ASSERT (((_vector_spacing == 0x0) || (SIZEOF (.vector_23) <= (_vector_spacing << 0x5))), function at exception vector 23 too large)

.vector_24      0x9d03f500        0x8
 *(.vector_24)
 .vector_24     0x9d03f500        0x8 C:/Program Files/Microchip/xc32/v5.00/bin/bin/../../lib/gcc/pic32m/13.2.1/../../../../pic32m/lib\libpic32.a(vector24.o)
                0x9d03f500                __vector_dispatch_24
                0x00000001                        ASSERT (((_vector_spacing == 0x0) || (SIZEOF (.vector_24) <= (_vector_spacing << 0x5))), function at exception vector 24 too large)

.vector_25      0x9d03f520        0x8
 *(.vector_25)
 .vector_25     0x9d03f520        0x8 C:/Program Files/Microchip/xc32/v5.00/bin/bin/../../lib/gcc/pic32m/13.2.1/../../../../pic32m/lib\libpic32.a(vector25.o)
                0x9d03f520                __vector_dispatch_25
                0x00000001                        ASSERT (((_vector_spacing == 0x0) || (SIZEOF (.vector_25) <= (_vector_spacing << 0x5))), function at exception vector 25 too large)

.vector_26      0x9d03f540        0x8
 *(.vector_26)
 .vector_26     0x9d03f540        0x8 C:/Program Files/Microchip/xc32/v5.00/bin/bin/../../lib/gcc/pic32m/13.2.1/../../../../pic32m/lib\libpic32.a(vector26.o)
                0x9d03f540                __vector_dispatch_26
                0x00000001                        ASSERT (((_vector_spacing == 0x0) || (SIZEOF (.vector_26) <= (_vector_spacing << 0x5))), function at exception vector 26 too large)

.vector_27      0x9d03f560        0x8
 *(.vector_27)
 .vector_27     0x9d03f560        0x8 C:/Program Files/Microchip/xc32/v5.00/bin/bin/../../lib/gcc/pic32m/13.2.1/../../../../pic32m/lib\libpic32.a(vector27.o)
                0x9d03f560                __vector_dispatch_27
                0x00000001                        ASSERT (((_vector_spacing == 0x0) || (SIZEOF (.vector_27) <= (_vector_spacing << 0x5))), function at exception vector 27 too large)

.vector_28      0x9d03f580        0x8
 *(.vector_28)
 .vector_28     0x9d03f580        0x8 C:/Program Files/Microchip/xc32/v5.00/bin/bin/../../lib/gcc/pic32m/13.2.1/../../../../pic32m/lib\libpic32.a(vector28.o)
                0x9d03f580                __vector_dispatch_28
                0x00000001                        ASSERT (((_vector_spacing == 0x0) || (SIZEOF (.vector_28) <= (_vector_spacing << 0x5))), function at exception vector 28 too large)

.vector_29      0x9d03f5a0        0x8
 *(.vector_29)
 .vector_29     0x9d03f5a0        0x8 C:/Program Files/Microchip/xc32/v5.00/bin/bin/../../lib/gcc/pic32m/13.2.1/../../../../pic32m/lib\libpic32.a(vector29.o)
                0x9d03f5a0                __vector_dispatch_29
                0x00000001                        ASSERT (((_vector_spacing == 0x0) || (SIZEOF (.vector_29) <= (_vector_spacing << 0x5))), function at exception vector 29 too large)

.vector_30      0x9d03f5c0        0x8
 *(.vector_30)
 .vector_30     0x9d03f5c0        0x8 C:/Program Files/Microchip/xc32/v5.00/bin/bin/../../lib/gcc/pic32m/13.2.1/../../../../pic32m/lib\libpic32.a(vector30.o)
                0x9d03f5c0                __vector_dispatch_30
                0x00000001                        ASSERT (((_vector_spacing == 0x0) || (SIZEOF (.vector_30) <= (_vector_spacing << 0x5))), function at exception vector 30 too large)

.vector_31      0x9d03f5e0        0x8
 *(.vector_31)
 .vector_31     0x9d03f5e0        0x8 C:/Program Files/Microchip/xc32/v5.00/bin/bin/../../lib/gcc/pic32m/13.2.1/../../../../pic32m/lib\libpic32.a(vector31.o)
                0x9d03f5e0                __vector_dispatch_31
                0x00000001                        ASSERT (((_vector_spacing == 0x0) || (SIZEOF (.vector_31) <= (_vector_spacing << 0x5))), function at exception vector 31 too large)

.vector_32      0x9d03f600        0x8
 *(.vector_32)
 .vector_32     0x9d03f600        0x8 C:/Program Files/Microchip/xc32/v5.00/bin/bin/../../lib/gcc/pic32m/13.2.1/../../../../pic32m/lib\libpic32.a(vector32.o)
                0x9d03f600                __vector_dispatch_32
                0x00000001                        ASSERT (((_vector_spacing == 0x0) || (SIZEOF (.vector_32) <= (_vector_spacing << 0x5))), function at exception vector 32 too large)

.vector_33      0x9d03f620        0x8
 *(.vector_33)
 .vector_33     0x9d03f620        0x8 C:/Program Files/Microchip/xc32/v5.00/bin/bin/../../lib/gcc/pic32m/13.2.1/../../../../pic32m/lib\libpic32.a(vector33.o)
                0x9d03f620                __vector_dispatch_33
                0x00000001                        ASSERT (((_vector_spacing == 0x0) || (SIZEOF (.vector_33) <= (_vector_spacing << 0x5))), function at exception vector 33 too large)

.vector_34      0x9d03f640        0x8
 *(.vector_34)
 .vector_34     0x9d03f640        0x8 C:/Program Files/Microchip/xc32/v5.00/bin/bin/../../lib/gcc/pic32m/13.2.1/../../../../pic32m/lib\libpic32.a(vector34.o)
                0x9d03f640                __vector_dispatch_34
                0x00000001                        ASSERT (((_vector_spacing == 0x0) || (SIZEOF (.vector_34) <= (_vector_spacing << 0x5))), function at exception vector 34 too large)

.vector_35      0x9d03f660        0x8
 *(.vector_35)
 .vector_35     0x9d03f660        0x8 C:/Program Files/Microchip/xc32/v5.00/bin/bin/../../lib/gcc/pic32m/13.2.1/../../../../pic32m/lib\libpic32.a(vector35.o)
                0x9d03f660                __vector_dispatch_35
                0x00000001                        ASSERT (((_vector_spacing == 0x0) || (SIZEOF (.vector_35) <= (_vector_spacing << 0x5))), function at exception vector 35 too large)

.vector_36      0x9d03f680        0x8
 *(.vector_36)
 .vector_36     0x9d03f680        0x8 C:/Program Files/Microchip/xc32/v5.00/bin/bin/../../lib/gcc/pic32m/13.2.1/../../../../pic32m/lib\libpic32.a(vector36.o)
                0x9d03f680                __vector_dispatch_36
                0x00000001                        ASSERT (((_vector_spacing == 0x0) || (SIZEOF (.vector_36) <= (_vector_spacing << 0x5))), function at exception vector 36 too large)

.vector_37      0x9d03f6a0        0x8
 *(.vector_37)
 .vector_37     0x9d03f6a0        0x8 C:/Program Files/Microchip/xc32/v5.00/bin/bin/../../lib/gcc/pic32m/13.2.1/../../../../pic32m/lib\libpic32.a(vector37.o)
                0x9d03f6a0                __vector_dispatch_37
                0x00000001                        ASSERT (((_vector_spacing == 0x0) || (SIZEOF (.vector_37) <= (_vector_spacing << 0x5))), function at exception vector 37 too large)

.vector_38      0x9d03f6c0        0x8
 *(.vector_38)
 .vector_38     0x9d03f6c0        0x8 C:/Program Files/Microchip/xc32/v5.00/bin/bin/../../lib/gcc/pic32m/13.2.1/../../../../pic32m/lib\libpic32.a(vector38.o)
                0x9d03f6c0                __vector_dispatch_38
                0x00000001                        ASSERT (((_vector_spacing == 0x0) || (SIZEOF (.vector_38) <= (_vector_spacing << 0x5))), function at exception vector 38 too large)

.vector_39      0x9d03f6e0        0x8
 *(.vector_39)
 .vector_39     0x9d03f6e0        0x8 C:/Program Files/Microchip/xc32/v5.00/bin/bin/../../lib/gcc/pic32m/13.2.1/../../../../pic32m/lib\libpic32.a(vector39.o)
                0x9d03f6e0                __vector_dispatch_39
                0x00000001                        ASSERT (((_vector_spacing == 0x0) || (SIZEOF (.vector_39) <= (_vector_spacing << 0x5))), function at exception vector 39 too large)

.vector_40      0x9d03f700        0x8
 *(.vector_40)
 .vector_40     0x9d03f700        0x8 C:/Program Files/Microchip/xc32/v5.00/bin/bin/../../lib/gcc/pic32m/13.2.1/../../../../pic32m/lib\libpic32.a(vector40.o)
                0x9d03f700                __vector_dispatch_40
                0x00000001                        ASSERT (((_vector_spacing == 0x0) || (SIZEOF (.vector_40) <= (_vector_spacing << 0x5))), function at exception vector 40 too large)

.vector_41      0x9d03f720        0x8
 *(.vector_41)
 .vector_41     0x9d03f720        0x8 C:/Program Files/Microchip/xc32/v5.00/bin/bin/../../lib/gcc/pic32m/13.2.1/../../../../pic32m/lib\libpic32.a(vector41.o)
                0x9d03f720                __vector_dispatch_41
                0x00000001                        ASSERT (((_vector_spacing == 0x0) || (SIZEOF (.vector_41) <= (_vector_spacing << 0x5))), function at exception vector 41 too large)

.vector_42      0x9d03f740        0x8
 *(.vector_42)
 .vector_42     0x9d03f740        0x8 C:/Program Files/Microchip/xc32/v5.00/bin/bin/../../lib/gcc/pic32m/13.2.1/../../../../pic32m/lib\libpic32.a(vector42.o)
                0x9d03f740                __vector_dispatch_42
                0x00000001                        ASSERT (((_vector_spacing == 0x0) || (SIZEOF (.vector_42) <= (_vector_spacing << 0x5))), function at exception vector 42 too large)

.vector_43      0x9d03f760        0x8
 *(.vector_43)
 .vector_43     0x9d03f760        0x8 C:/Program Files/Microchip/xc32/v5.00/bin/bin/../../lib/gcc/pic32m/13.2.1/../../../../pic32m/lib\libpic32.a(vector43.o)
                0x9d03f760                __vector_dispatch_43
                0x00000001                        ASSERT (((_vector_spacing == 0x0) || (SIZEOF (.vector_43) <= (_vector_spacing << 0x5))), function at exception vector 43 too large)

.vector_44
 *(.vector_44)
                0x00000001                        ASSERT (((_vector_spacing == 0x0) || (SIZEOF (.vector_44) <= (_vector_spacing << 0x5))), function at exception vector 44 too large)

.vector_45
 *(.vector_45)
                0x00000001                        ASSERT (((_vector_spacing == 0x0) || (SIZEOF (.vector_45) <= (_vector_spacing << 0x5))), function at exception vector 45 too large)

.vector_46
 *(.vector_46)
                0x00000001                        ASSERT (((_vector_spacing == 0x0) || (SIZEOF (.vector_46) <= (_vector_spacing << 0x5))), function at exception vector 46 too large)

.vector_47
 *(.vector_47)
                0x00000001                        ASSERT (((_vector_spacing == 0x0) || (SIZEOF (.vector_47) <= (_vector_spacing << 0x5))), function at exception vector 47 too large)

.vector_48
 *(.vector_48)
                0x00000001                        ASSERT (((_vector_spacing == 0x0) || (SIZEOF (.vector_48) <= (_vector_spacing << 0x5))), function at exception vector 48 too large)

.vector_49
 *(.vector_49)
                0x00000001                        ASSERT (((_vector_spacing == 0x0) || (SIZEOF (.vector_49) <= (_vector_spacing << 0x5))), function at exception vector 49 too large)

.vector_50
 *(.vector_50)
                0x00000001                        ASSERT (((_vector_spacing == 0x0) || (SIZEOF (.vector_50) <= (_vector_spacing << 0x5))), function at exception vector 50 too large)

.vector_51
 *(.vector_51)
                0x00000001                        ASSERT (((_vector_spacing == 0x0) || (SIZEOF (.vector_51) <= (_vector_spacing << 0x5))), function at exception vector 51 too large)

.vector_52
 *(.vector_52)
                0x00000001                        ASSERT (((_vector_spacing == 0x0) || (SIZEOF (.vector_52) <= (_vector_spacing << 0x5))), function at exception vector 52 too large)

.vector_53
 *(.vector_53)
                0x00000001                        ASSERT (((_vector_spacing == 0x0) || (SIZEOF (.vector_53) <= (_vector_spacing << 0x5))), function at exception vector 53 too large)

.vector_54
 *(.vector_54)
                0x00000001                        ASSERT (((_vector_spacing == 0x0) || (SIZEOF (.vector_54) <= (_vector_spacing << 0x5))), function at exception vector 54 too large)

.vector_55
 *(.vector_55)
                0x00000001                        ASSERT (((_vector_spacing == 0x0) || (SIZEOF (.vector_55) <= (_vector_spacing << 0x5))), function at exception vector 55 too large)

.vector_56
 *(.vector_56)
                0x00000001                        ASSERT (((_vector_spacing == 0x0) || (SIZEOF (.vector_56) <= (_vector_spacing << 0x5))), function at exception vector 56 too large)

.vector_57
 *(.vector_57)
                0x00000001                        ASSERT (((_vector_spacing == 0x0) || (SIZEOF (.vector_57) <= (_vector_spacing << 0x5))), function at exception vector 57 too large)

.vector_58
 *(.vector_58)
                0x00000001                        ASSERT (((_vector_spacing == 0x0) || (SIZEOF (.vector_58) <= (_vector_spacing << 0x5))), function at exception vector 58 too large)

.vector_59
 *(.vector_59)
                0x00000001                        ASSERT (((_vector_spacing == 0x0) || (SIZEOF (.vector_59) <= (_vector_spacing << 0x5))), function at exception vector 59 too large)

.vector_60
 *(.vector_60)
                0x00000001                        ASSERT (((_vector_spacing == 0x0) || (SIZEOF (.vector_60) <= (_vector_spacing << 0x5))), function at exception vector 60 too large)

.vector_61
 *(.vector_61)
                0x00000001                        ASSERT (((_vector_spacing == 0x0) || (SIZEOF (.vector_61) <= (_vector_spacing << 0x5))), function at exception vector 61 too large)

.vector_62
 *(.vector_62)
                0x00000001                        ASSERT (((_vector_spacing == 0x0) || (SIZEOF (.vector_62) <= (_vector_spacing << 0x5))), function at exception vector 62 too large)

.vector_63
 *(.vector_63)
                0x00000001                        ASSERT (((_vector_spacing == 0x0) || (SIZEOF (.vector_63) <= (_vector_spacing << 0x5))), function at exception vector 63 too large)

.startup
 *(.startup)

.text           0x9d000000        0x0
 *(.stub .gnu.linkonce.t.*)
 *(.text.*personality*)
 *(.mips16.fn.*)
 *(.mips16.call.*)
 *(.gnu.warning)
                0x9d000000                        . = ALIGN (0x4)

.init           0x9d000000        0x0
 *crti.o(.init)
 *crtbegin.o(.init)
 *(EXCLUDE_FILE(*crtn.o *crtend?.o *crtend.o) .init)
 *crtend.o(.init)
 *crtn.o(.init)
                0x9d000000                        . = ALIGN (0x4)

.fini           0x9d000000        0x0
 *(.fini)
                0x9d000000                        . = ALIGN (0x4)

.preinit_array  0x9d000000        0x0
                [!provide]                        PROVIDE (__preinit_array_start = .)
 *(.preinit_array)
                [!provide]                        PROVIDE (__preinit_array_end = .)
                0x9d000000                        . = ALIGN (0x4)

.init_array     0x9d000000        0x0
                [!provide]                        PROVIDE (__init_array_start = .)
 *(SORT_BY_NAME(.init_array.*))
 *(.init_array)
                [!provide]                        PROVIDE (__init_array_end = .)
                0x9d000000                        . = ALIGN (0x4)

.fini_array     0x9d000000        0x0
                [!provide]                        PROVIDE (__fini_array_start = .)
 *(SORT_BY_NAME(.fini_array.*))
 *(.fini_array)
                [!provide]                        PROVIDE (__fini_array_end = .)
                0x9d000000                        . = ALIGN (0x4)

.ctors          0x9d000000        0x0
 *crtbegin.o(.ctors)
 *crtbegin?.o(.ctors)
 *(EXCLUDE_FILE(*crtend?.o *crtend.o) .ctors)
 *(SORT_BY_NAME(.ctors.*))
 *(.ctors)
                0x9d000000                        . = ALIGN (0x4)

.dtors          0x9d000000        0x0
 *crtbegin.o(.dtors)
 *crtbegin?.o(.dtors)
 *(EXCLUDE_FILE(*crtend?.o *crtend.o) .dtors)
 *(SORT_BY_NAME(.dtors.*))
 *(.dtors)
                0x9d000000                        . = ALIGN (0x4)

.rodata         0x9d000000        0x0
 *(.gnu.linkonce.r.*)
 *(.rodata1)
                0x9d000000                        . = ALIGN (0x4)

.sdata2         0x9d000000        0x0
 *(.sdata2 .sdata2.* .gnu.linkonce.s2.*)
                0x9d000000                        . = ALIGN (0x4)

.sbss2          0x9d000000        0x0
 *(.sbss2 .sbss2.* .gnu.linkonce.sb2.*)
                0x9d000000                        . = ALIGN (0x4)

.eh_frame_hdr
 *(.eh_frame_hdr)
                0x9d000000                        . = ALIGN (0x4)

.eh_frame
 *(.eh_frame)
                0x9d000000                        . = ALIGN (0x4)

.gcc_except_table
 *(.gcc_except_table .gcc_except_table.*)
                0x9d000000                        . = ALIGN (0x4)

.dbg_data       0xa0000000        0x0
                0xa0000000                        . = (. + DEFINED (_DEBUGGER)?0x200:0x0)

.jcr            0xa0000000        0x0
 *(.jcr)
                0xa0000000                        . = ALIGN (0x4)

.eh_frame
 *(.eh_frame)
                0xa0000000                        . = ALIGN (0x4)

.gcc_except_table
 *(.gcc_except_table .gcc_except_table.*)
                0xa0000000                        . = ALIGN (0x4)

.persist        0xa0000000        0x0
                0xa0000000                        _persist_begin = .
 *(.persist .persist.*)
                0xa0000000                        . = ALIGN (0x4)
                0xa0000000                        _persist_end = .

.data           0xa0000000        0x0
 *(.gnu.linkonce.d.*)
 *(.data1)
                0xa0000000                        . = ALIGN (0x4)
                0xa0000000                        . = .
                0xa0007ff0                        _gp = (ALIGN (0x10) + 0x7ff0)

.got            0xa0000000        0x0
 *(.got.plt)
 *(.got)
                0xa0000000                        . = ALIGN (0x4)

.sdata          0xa0000000        0x8
                0xa0000000                        _sdata_begin = .
 *(.sdata .sdata.* .gnu.linkonce.s.*)
 .sdata         0xa0000000        0x1 build/default/production/ProjectSource/EventCheckers.o
 .sdata         0xa0000001        0x1 build/default/production/ProjectSource/SPIFollowService.o
 *fill*         0xa0000002        0x2 
 .sdata         0xa0000004        0x4 C:/Program Files/Microchip/xc32/v5.00/bin/bin/../../lib/gcc/pic32m/13.2.1/../../../../pic32m/lib\libpic32.a(xc32_uart.o)
                0xa0000004                __XC_UART
                0xa0000008                        . = ALIGN (0x4)
                0xa0000008                        _sdata_end = .

.lit8
 *(.lit8)

.lit4
 *(.lit4)
                0xa0000008                        . = ALIGN (0x4)
                0xa0000008                        _data_end = .
                0xa0000008                        _bss_begin = .

.sbss           0xa0000008       0x98
                0xa0000008                        _sbss_begin = .
 *(.dynsbss)
 *(.sbss .sbss.* .gnu.linkonce.sb.*)
 .sbss          0xa0000008        0xc build/default/production/FrameworkSource/ES_Framework.o
                0xa0000008                Ready
 .sbss          0xa0000014        0xd build/default/production/FrameworkSource/ES_Port.o
 *fill*         0xa0000021        0x3 
 .sbss          0xa0000024       0x10 build/default/production/FrameworkSource/ES_Timers.o
 .sbss          0xa0000034        0x4 build/default/production/FrameworkSource/terminal.o
 .sbss          0xa0000038        0x1 build/default/production/FrameworkSource/circular_buffer_no_modulo_threadsafe.o
                0xa0000038                numBuffersAllocated
 .sbss          0xa0000039        0x1 build/default/production/ProjectSource/EventCheckers.o
 *fill*         0xa000003a        0x2 
 .sbss          0xa000003c        0x4 build/default/production/ProjectSource/PIC32_IC_Lib.o
 .sbss          0xa0000040        0x9 build/default/production/ProjectSource/PIC32_PWM_Lib.o
 *fill*         0xa0000049        0x3 
 .sbss          0xa000004c       0x10 build/default/production/ProjectSource/PIC32_SPI_HAL.o
 .sbss          0xa000005c        0x2 build/default/production/ProjectSource/SPIFollowService.o
 .sbss          0xa000005e        0x1 build/default/production/ProjectSource/StepperService.o
 *fill*         0xa000005f        0x1 
 .sbss          0xa0000060        0x6 build/default/production/ProjectSource/DropoffLoweringArmFSM.o
 .sbss          0xa0000066        0x1 build/default/production/ProjectSource/FieldSideServoService.o
 .sbss          0xa0000067        0x1 build/default/production/ProjectSource/IntakeService.o
 .sbss          0xa0000068        0x9 build/default/production/ProjectSource/OperatorFSM.o
 *fill*         0xa0000071        0x3 
 .sbss          0xa0000074       0x2c build/default/production/ProjectSource/KeyboardService.o
 *(.scommon)
                0xa00000a0                        _sbss_end = .
                0xa00000a0                        . = ALIGN (0x4)

.bss            0xa00000a0        0x0
 *(.dynbss)
 *(COMMON)
                0xa00000a0                        . = ALIGN ((. != 0x0)?0x4:0x1)
                0xa00000a0                        . = ALIGN (0x4)
                0xa00000a0                        _end = .
                0xa00000a0                        _bss_end = .
                0x00010000                        _bmxdudba_address = LENGTH (kseg1_data_mem)
                0x00010000                        _bmxdupba_address = LENGTH (kseg1_data_mem)

/DISCARD/
 *(.pdr)

.gptab.sdata
 *(.gptab.data)
 *(.gptab.sdata)

.gptab.sbss
 *(.gptab.bss)
 *(.gptab.sbss)

.mdebug.abi32   0x00000000        0x0
 *(.mdebug.abi32)
 .mdebug.abi32  0x00000000        0x0 build/default/production/FrameworkSource/ES_CheckEvents.o
 .mdebug.abi32  0x00000000        0x0 build/default/production/FrameworkSource/ES_DeferRecall.o
 .mdebug.abi32  0x00000000        0x0 build/default/production/FrameworkSource/ES_Framework.o
 .mdebug.abi32  0x00000000        0x0 build/default/production/FrameworkSource/ES_LookupTables.o
 .mdebug.abi32  0x00000000        0x0 build/default/production/FrameworkSource/ES_Port.o
 .mdebug.abi32  0x00000000        0x0 build/default/production/FrameworkSource/ES_PostList.o
 .mdebug.abi32  0x00000000        0x0 build/default/production/FrameworkSource/ES_Queue.o
 .mdebug.abi32  0x00000000        0x0 build/default/production/FrameworkSource/ES_Timers.o
 .mdebug.abi32  0x00000000        0x0 build/default/production/FrameworkSource/terminal.o
 .mdebug.abi32  0x00000000        0x0 build/default/production/FrameworkSource/circular_buffer_no_modulo_threadsafe.o
 .mdebug.abi32  0x00000000        0x0 build/default/production/FrameworkSource/dbprintf.o
 .mdebug.abi32  0x00000000        0x0 build/default/production/ProjectSource/EventCheckers.o
 .mdebug.abi32  0x00000000        0x0 build/default/production/ProjectSource/main.o
 .mdebug.abi32  0x00000000        0x0 build/default/production/ProjectSource/PIC32_IC_Lib.o
 .mdebug.abi32  0x00000000        0x0 build/default/production/ProjectSource/PIC32_PWM_Lib.o
 .mdebug.abi32  0x00000000        0x0 build/default/production/ProjectSource/PIC32_SPI_HAL.o
 .mdebug.abi32  0x00000000        0x0 build/default/production/ProjectSource/SPIFollowService.o
 .mdebug.abi32  0x00000000        0x0 build/default/production/ProjectSource/StepperService.o
 .mdebug.abi32  0x00000000        0x0 build/default/production/ProjectSource/DropoffLoweringArmFSM.o
 .mdebug.abi32  0x00000000        0x0 build/default/production/ProjectSource/FieldSideServoService.o
 .mdebug.abi32  0x00000000        0x0 build/default/production/ProjectSource/IntakeService.o
 .mdebug.abi32  0x00000000        0x0 build/default/production/ProjectSource/OperatorFSM.o
 .mdebug.abi32  0x00000000        0x0 build/default/production/ProjectSource/KeyboardService.o
 .mdebug.abi32  0x00000000        0x0 C:/Program Files/Microchip/xc32/v5.00/bin/bin/../../lib/gcc/pic32m/13.2.1/../../../../pic32m/lib\libpic32.a(default-bootstrap-exception-handler.o)
 .mdebug.abi32  0x00000000        0x0 C:/Program Files/Microchip/xc32/v5.00/bin/bin/../../lib/gcc/pic32m/13.2.1/../../../../pic32m/lib\libpic32.a(default-on-reset.o)
 .mdebug.abi32  0x00000000        0x0 C:/Program Files/Microchip/xc32/v5.00/bin/bin/../../lib/gcc/pic32m/13.2.1/../../../../pic32m/lib\libpic32.a(default-on-bootstrap.o)
 .mdebug.abi32  0x00000000        0x0 C:/Program Files/Microchip/xc32/v5.00/bin/bin/../../lib/gcc/pic32m/13.2.1/../../../../pic32m/lib\libpic32.a(xc32_uart.o)
 .mdebug.abi32  0x00000000        0x0 C:/Program Files/Microchip/xc32/v5.00/bin/bin/../../lib/gcc/pic32m/13.2.1/../../../../pic32m/lib\libpic32.a(default-general-exception-handler.o)
 .mdebug.abi32  0x00000000        0x0 C:/Program Files/Microchip/xc32/v5.00/bin/bin/../../lib/gcc/pic32m/13.2.1/../../../../pic32m/lib\libpic32.a(defaultinterrupt.o)
 .mdebug.abi32  0x00000000        0x0 C:/Program Files/Microchip/xc32/v5.00/bin/bin/../../lib/gcc/pic32m/13.2.1/../../../../pic32m/lib\libc-musl.a(assert.o)
 .mdebug.abi32  0x00000000        0x0 C:/Program Files/Microchip/xc32/v5.00/bin/bin/../../lib/gcc/pic32m/13.2.1/../../../../pic32m/lib\libc-musl.a(abort.o)
 .mdebug.abi32  0x00000000        0x0 C:/Program Files/Microchip/xc32/v5.00/bin/bin/../../lib/gcc/pic32m/13.2.1/../../../../pic32m/lib\libc-musl.a(fprintf.o)
 .mdebug.abi32  0x00000000        0x0 C:/Program Files/Microchip/xc32/v5.00/bin/bin/../../lib/gcc/pic32m/13.2.1/../../../../pic32m/lib\libc-musl.a(fflush.o)
 .mdebug.abi32  0x00000000        0x0 C:/Program Files/Microchip/xc32/v5.00/bin/bin/../../lib/gcc/pic32m/13.2.1/../../../../pic32m/lib\libc-musl.a(vfprintf.o)
 .mdebug.abi32  0x00000000        0x0 C:/Program Files/Microchip/xc32/v5.00/bin/bin/../../lib/gcc/pic32m/13.2.1/../../../../pic32m/lib\libc-musl.a(stderr.o)
 .mdebug.abi32  0x00000000        0x0 C:/Program Files/Microchip/xc32/v5.00/bin/bin/../../lib/gcc/pic32m/13.2.1/../../../../pic32m/lib\libc-musl.a(putchar.o)
 .mdebug.abi32  0x00000000        0x0 C:/Program Files/Microchip/xc32/v5.00/bin/bin/../../lib/gcc/pic32m/13.2.1/../../../../pic32m/lib\libc-musl.a(_Exit.o)
 .mdebug.abi32  0x00000000        0x0 C:/Program Files/Microchip/xc32/v5.00/bin/bin/../../lib/gcc/pic32m/13.2.1/../../../../pic32m/lib\libc-musl.a(__io_fmt_needed.o)
 .mdebug.abi32  0x00000000        0x0 C:/Program Files/Microchip/xc32/v5.00/bin/bin/../../lib/gcc/pic32m/13.2.1/../../../../pic32m/lib\libc-musl.a(__io_init_needed.o)
 .mdebug.abi32  0x00000000        0x0 C:/Program Files/Microchip/xc32/v5.00/bin/bin/../../lib/gcc/pic32m/13.2.1/../../../../pic32m/lib\libc-musl.a(__out.o)
 .mdebug.abi32  0x00000000        0x0 C:/Program Files/Microchip/xc32/v5.00/bin/bin/../../lib/gcc/pic32m/13.2.1/../../../../pic32m/lib\libc-musl.a(__pop_float.o)
 .mdebug.abi32  0x00000000        0x0 C:/Program Files/Microchip/xc32/v5.00/bin/bin/../../lib/gcc/pic32m/13.2.1/../../../../pic32m/lib\libc-musl.a(__pop_int.o)
 .mdebug.abi32  0x00000000        0x0 C:/Program Files/Microchip/xc32/v5.00/bin/bin/../../lib/gcc/pic32m/13.2.1/../../../../pic32m/lib\libc-musl.a(__pop_ptr.o)
 .mdebug.abi32  0x00000000        0x0 C:/Program Files/Microchip/xc32/v5.00/bin/bin/../../lib/gcc/pic32m/13.2.1/../../../../pic32m/lib\libc-musl.a(__printf_core.o)
 .mdebug.abi32  0x00000000        0x0 C:/Program Files/Microchip/xc32/v5.00/bin/bin/../../lib/gcc/pic32m/13.2.1/../../../../pic32m/lib\libc-musl.a(__stdio_close.o)
 .mdebug.abi32  0x00000000        0x0 C:/Program Files/Microchip/xc32/v5.00/bin/bin/../../lib/gcc/pic32m/13.2.1/../../../../pic32m/lib\libc-musl.a(putc.o)
 .mdebug.abi32  0x00000000        0x0 C:/Program Files/Microchip/xc32/v5.00/bin/bin/../../lib/gcc/pic32m/13.2.1/../../../../pic32m/lib\libc-musl.a(stdout.o)
 .mdebug.abi32  0x00000000        0x0 C:/Program Files/Microchip/xc32/v5.00/bin/bin/../../lib/gcc/pic32m/13.2.1/../../../../pic32m/lib\libc-musl.a(atoi.o)
 .mdebug.abi32  0x00000000        0x0 C:/Program Files/Microchip/xc32/v5.00/bin/bin/../../lib/gcc/pic32m/13.2.1/../../../../pic32m/lib\libc-musl.a(tolower.o)
 .mdebug.abi32  0x00000000        0x0 C:/Program Files/Microchip/xc32/v5.00/bin/bin/../../lib/gcc/pic32m/13.2.1/../../../../pic32m/lib\libc-musl.a(__fmt_a.o)
 .mdebug.abi32  0x00000000        0x0 C:/Program Files/Microchip/xc32/v5.00/bin/bin/../../lib/gcc/pic32m/13.2.1/../../../../pic32m/lib\libc-musl.a(__fmt_d.o)
 .mdebug.abi32  0x00000000        0x0 C:/Program Files/Microchip/xc32/v5.00/bin/bin/../../lib/gcc/pic32m/13.2.1/../../../../pic32m/lib\libc-musl.a(__fmt_fp.o)
 .mdebug.abi32  0x00000000        0x0 C:/Program Files/Microchip/xc32/v5.00/bin/bin/../../lib/gcc/pic32m/13.2.1/../../../../pic32m/lib\libc-musl.a(__fmt_o.o)
 .mdebug.abi32  0x00000000        0x0 C:/Program Files/Microchip/xc32/v5.00/bin/bin/../../lib/gcc/pic32m/13.2.1/../../../../pic32m/lib\libc-musl.a(__fmt_s.o)
 .mdebug.abi32  0x00000000        0x0 C:/Program Files/Microchip/xc32/v5.00/bin/bin/../../lib/gcc/pic32m/13.2.1/../../../../pic32m/lib\libc-musl.a(__fmt_u.o)
 .mdebug.abi32  0x00000000        0x0 C:/Program Files/Microchip/xc32/v5.00/bin/bin/../../lib/gcc/pic32m/13.2.1/../../../../pic32m/lib\libc-musl.a(__fmt_x.o)
 .mdebug.abi32  0x00000000        0x0 C:/Program Files/Microchip/xc32/v5.00/bin/bin/../../lib/gcc/pic32m/13.2.1/../../../../pic32m/lib\libc-musl.a(__init_stdio.o)
 .mdebug.abi32  0x00000000        0x0 C:/Program Files/Microchip/xc32/v5.00/bin/bin/../../lib/gcc/pic32m/13.2.1/../../../../pic32m/lib\libc-musl.a(__io_file_needed.o)
 .mdebug.abi32  0x00000000        0x0 C:/Program Files/Microchip/xc32/v5.00/bin/bin/../../lib/gcc/pic32m/13.2.1/../../../../pic32m/lib\libc-musl.a(toupper.o)
 .mdebug.abi32  0x00000000        0x0 C:/Program Files/Microchip/xc32/v5.00/bin/bin/../../lib/gcc/pic32m/13.2.1/../../../../pic32m/lib\libc-musl.a(__cvt_u.o)
 .mdebug.abi32  0x00000000        0x0 C:/Program Files/Microchip/xc32/v5.00/bin/bin/../../lib/gcc/pic32m/13.2.1/../../../../pic32m/lib\libm-musl.a(fma.o)
 .mdebug.abi32  0x00000000        0x0 C:/Program Files/Microchip/xc32/v5.00/bin/bin/../../lib/gcc/pic32m/13.2.1/../../../../pic32m/lib\libm-musl.a(scalbn.o)
 .mdebug.abi32  0x00000000        0x0 C:/Program Files/Microchip/xc32/v5.00/bin/bin/../../lib/gcc/pic32m/13.2.1/../../../../pic32m/lib\libpic32.a(_exit.o)
 .mdebug.abi32  0x00000000        0x0 C:/Program Files/Microchip/xc32/v5.00/bin/bin/../../lib/gcc/pic32m/13.2.1/../../../../pic32m/lib\libpic32.a(write.o)
 .mdebug.abi32  0x00000000        0x0 C:/Program Files/Microchip/xc32/v5.00/bin/bin/../../lib/gcc/pic32m/13.2.1/../../../../pic32m/lib\libpic32.a(lseek.o)
 .mdebug.abi32  0x00000000        0x0 C:/Program Files/Microchip/xc32/v5.00/bin/bin/../../lib/gcc/pic32m/13.2.1/../../../../pic32m/lib\libpic32.a(close.o)
 .mdebug.abi32  0x00000000        0x0 C:/Program Files/Microchip/xc32/v5.00/bin/bin/../../lib/gcc/pic32m/13.2.1/../../../../pic32m/lib\libpic32.a(errno.o)
 .mdebug.abi32  0x00000000        0x0 C:/Program Files/Microchip/xc32/v5.00/bin/bin/../../lib/gcc/pic32m/13.2.1/../../../../pic32m/lib\libc-size-musl.a(memcpy.o)
 .mdebug.abi32  0x00000000        0x0 C:/Program Files/Microchip/xc32/v5.00/bin/bin/../../lib/gcc/pic32m/13.2.1/../../../../pic32m/lib\libc-size-musl.a(memset.o)
 .mdebug.abi32  0x00000000        0x0 C:/Program Files/Microchip/xc32/v5.00/bin/bin/../../lib/gcc/pic32m/13.2.1/../../../../pic32m/lib\libc-size-musl.a(strlen.o)
 .mdebug.abi32  0x00000000        0x0 C:/Program Files/Microchip/xc32/v5.00/bin/bin/../../lib/gcc/pic32m/13.2.1/../../../../pic32m/lib\libc-size-musl.a(strcpy.o)
 .mdebug.abi32  0x00000000        0x0 C:/Program Files/Microchip/xc32/v5.00/bin/bin/../../lib/gcc/pic32m/13.2.1/../../../../pic32m/lib\libc-size-musl.a(stpcpy.o)
 .mdebug.abi32  0x00000000        0x0 C:/Program Files/Microchip/xc32/v5.00/bin/bin/../../lib/gcc/pic32m/13.2.1/../../../../pic32m/lib\libe.a(_floatdidf.o)
 .mdebug.abi32  0x00000000        0x0 C:/Program Files/Microchip/xc32/v5.00/bin/bin/../../lib/gcc/pic32m/13.2.1\libgcc.a(_lshrdi3.o)
 .mdebug.abi32  0x00000000        0x0 C:/Program Files/Microchip/xc32/v5.00/bin/bin/../../lib/gcc/pic32m/13.2.1\libgcc.a(_ashldi3.o)
 .mdebug.abi32  0x00000000        0x0 C:/Program Files/Microchip/xc32/v5.00/bin/bin/../../lib/gcc/pic32m/13.2.1\libgcc.a(_udivdi3.o)
 .mdebug.abi32  0x00000000        0x0 C:/Program Files/Microchip/xc32/v5.00/bin/bin/../../lib/gcc/pic32m/13.2.1\libgcc.a(_umoddi3.o)

.mdebug.abiN32
 *(.mdebug.abiN32)

.mdebug.abi64
 *(.mdebug.abi64)

.mdebug.abiO64
 *(.mdebug.abiO64)

.mdebug.eabi32
 *(.mdebug.eabi32)

.mdebug.eabi64
 *(.mdebug.eabi64)

.gcc_compiled_long32
 *(.gcc_compiled_long32)

.gcc_compiled_long64
 *(.gcc_compiled_long64)

.stab
 *(.stab)

.stabstr
 *(.stabstr)

.stab.excl
 *(.stab.excl)

.stab.exclstr
 *(.stab.exclstr)

.stab.index
 *(.stab.index)

.stab.indexstr
 *(.stab.indexstr)

.comment        0x00000000       0xd3
 *(.comment)
 .comment       0x00000000       0xd3 build/default/production/FrameworkSource/ES_CheckEvents.o
                                 0x36 (size before relaxing)
 .comment       0x000000d3       0x36 build/default/production/FrameworkSource/ES_DeferRecall.o
 .comment       0x000000d3       0x36 build/default/production/FrameworkSource/ES_Framework.o
 .comment       0x000000d3       0x36 build/default/production/FrameworkSource/ES_LookupTables.o
 .comment       0x000000d3       0x36 build/default/production/FrameworkSource/ES_Port.o
 .comment       0x000000d3       0x36 build/default/production/FrameworkSource/ES_PostList.o
 .comment       0x000000d3       0x36 build/default/production/FrameworkSource/ES_Queue.o
 .comment       0x000000d3       0x36 build/default/production/FrameworkSource/ES_Timers.o
 .comment       0x000000d3       0x36 build/default/production/FrameworkSource/terminal.o
 .comment       0x000000d3       0x36 build/default/production/FrameworkSource/circular_buffer_no_modulo_threadsafe.o
 .comment       0x000000d3       0x36 build/default/production/FrameworkSource/dbprintf.o
 .comment       0x000000d3       0x36 build/default/production/ProjectSource/EventCheckers.o
 .comment       0x000000d3       0x36 build/default/production/ProjectSource/main.o
 .comment       0x000000d3       0x36 build/default/production/ProjectSource/PIC32_IC_Lib.o
 .comment       0x000000d3       0x36 build/default/production/ProjectSource/PIC32_PWM_Lib.o
 .comment       0x000000d3       0x36 build/default/production/ProjectSource/PIC32_SPI_HAL.o
 .comment       0x000000d3       0x36 build/default/production/ProjectSource/SPIFollowService.o
 .comment       0x000000d3       0x36 build/default/production/ProjectSource/StepperService.o
 .comment       0x000000d3       0x36 build/default/production/ProjectSource/DropoffLoweringArmFSM.o
 .comment       0x000000d3       0x36 build/default/production/ProjectSource/FieldSideServoService.o
 .comment       0x000000d3       0x36 build/default/production/ProjectSource/IntakeService.o
 .comment       0x000000d3       0x36 build/default/production/ProjectSource/OperatorFSM.o
 .comment       0x000000d3       0x36 build/default/production/ProjectSource/KeyboardService.o
 .comment       0x000000d3       0x36 C:/Program Files/Microchip/xc32/v5.00/bin/bin/../../lib/gcc/pic32m/13.2.1/../../../../pic32m/lib\libpic32.a(default-bootstrap-exception-handler.o)
 .comment       0x000000d3       0x36 C:/Program Files/Microchip/xc32/v5.00/bin/bin/../../lib/gcc/pic32m/13.2.1/../../../../pic32m/lib\libpic32.a(default-on-reset.o)
 .comment       0x000000d3       0x36 C:/Program Files/Microchip/xc32/v5.00/bin/bin/../../lib/gcc/pic32m/13.2.1/../../../../pic32m/lib\libpic32.a(default-on-bootstrap.o)
 .comment       0x000000d3       0x36 C:/Program Files/Microchip/xc32/v5.00/bin/bin/../../lib/gcc/pic32m/13.2.1/../../../../pic32m/lib\libpic32.a(xc32_uart.o)
 .comment       0x000000d3       0x36 C:/Program Files/Microchip/xc32/v5.00/bin/bin/../../lib/gcc/pic32m/13.2.1/../../../../pic32m/lib\libpic32.a(default-general-exception-handler.o)
 .comment       0x000000d3       0x36 C:/Program Files/Microchip/xc32/v5.00/bin/bin/../../lib/gcc/pic32m/13.2.1/../../../../pic32m/lib\libpic32.a(defaultinterrupt.o)
 .comment       0x000000d3       0x36 C:/Program Files/Microchip/xc32/v5.00/bin/bin/../../lib/gcc/pic32m/13.2.1/../../../../pic32m/lib\libc-musl.a(assert.o)
 .comment       0x000000d3       0x36 C:/Program Files/Microchip/xc32/v5.00/bin/bin/../../lib/gcc/pic32m/13.2.1/../../../../pic32m/lib\libc-musl.a(abort.o)
 .comment       0x000000d3       0x36 C:/Program Files/Microchip/xc32/v5.00/bin/bin/../../lib/gcc/pic32m/13.2.1/../../../../pic32m/lib\libc-musl.a(fprintf.o)
 .comment       0x000000d3       0x36 C:/Program Files/Microchip/xc32/v5.00/bin/bin/../../lib/gcc/pic32m/13.2.1/../../../../pic32m/lib\libc-musl.a(fflush.o)
 .comment       0x000000d3       0x36 C:/Program Files/Microchip/xc32/v5.00/bin/bin/../../lib/gcc/pic32m/13.2.1/../../../../pic32m/lib\libc-musl.a(vfprintf.o)
 .comment       0x000000d3       0x36 C:/Program Files/Microchip/xc32/v5.00/bin/bin/../../lib/gcc/pic32m/13.2.1/../../../../pic32m/lib\libc-musl.a(stderr.o)
 .comment       0x000000d3       0x36 C:/Program Files/Microchip/xc32/v5.00/bin/bin/../../lib/gcc/pic32m/13.2.1/../../../../pic32m/lib\libc-musl.a(putchar.o)
 .comment       0x000000d3       0x36 C:/Program Files/Microchip/xc32/v5.00/bin/bin/../../lib/gcc/pic32m/13.2.1/../../../../pic32m/lib\libc-musl.a(_Exit.o)
 .comment       0x000000d3       0x36 C:/Program Files/Microchip/xc32/v5.00/bin/bin/../../lib/gcc/pic32m/13.2.1/../../../../pic32m/lib\libc-musl.a(__io_fmt_needed.o)
 .comment       0x000000d3       0x36 C:/Program Files/Microchip/xc32/v5.00/bin/bin/../../lib/gcc/pic32m/13.2.1/../../../../pic32m/lib\libc-musl.a(__io_init_needed.o)
 .comment       0x000000d3       0x36 C:/Program Files/Microchip/xc32/v5.00/bin/bin/../../lib/gcc/pic32m/13.2.1/../../../../pic32m/lib\libc-musl.a(__out.o)
 .comment       0x000000d3       0x36 C:/Program Files/Microchip/xc32/v5.00/bin/bin/../../lib/gcc/pic32m/13.2.1/../../../../pic32m/lib\libc-musl.a(__pop_float.o)
 .comment       0x000000d3       0x36 C:/Program Files/Microchip/xc32/v5.00/bin/bin/../../lib/gcc/pic32m/13.2.1/../../../../pic32m/lib\libc-musl.a(__pop_int.o)
 .comment       0x000000d3       0x36 C:/Program Files/Microchip/xc32/v5.00/bin/bin/../../lib/gcc/pic32m/13.2.1/../../../../pic32m/lib\libc-musl.a(__pop_ptr.o)
 .comment       0x000000d3       0x36 C:/Program Files/Microchip/xc32/v5.00/bin/bin/../../lib/gcc/pic32m/13.2.1/../../../../pic32m/lib\libc-musl.a(__printf_core.o)
 .comment       0x000000d3       0x36 C:/Program Files/Microchip/xc32/v5.00/bin/bin/../../lib/gcc/pic32m/13.2.1/../../../../pic32m/lib\libc-musl.a(__stdio_close.o)
 .comment       0x000000d3       0x36 C:/Program Files/Microchip/xc32/v5.00/bin/bin/../../lib/gcc/pic32m/13.2.1/../../../../pic32m/lib\libc-musl.a(putc.o)
 .comment       0x000000d3       0x36 C:/Program Files/Microchip/xc32/v5.00/bin/bin/../../lib/gcc/pic32m/13.2.1/../../../../pic32m/lib\libc-musl.a(stdout.o)
 .comment       0x000000d3       0x36 C:/Program Files/Microchip/xc32/v5.00/bin/bin/../../lib/gcc/pic32m/13.2.1/../../../../pic32m/lib\libc-musl.a(atoi.o)
 .comment       0x000000d3       0x36 C:/Program Files/Microchip/xc32/v5.00/bin/bin/../../lib/gcc/pic32m/13.2.1/../../../../pic32m/lib\libc-musl.a(tolower.o)
 .comment       0x000000d3       0x36 C:/Program Files/Microchip/xc32/v5.00/bin/bin/../../lib/gcc/pic32m/13.2.1/../../../../pic32m/lib\libc-musl.a(__fmt_a.o)
 .comment       0x000000d3       0x36 C:/Program Files/Microchip/xc32/v5.00/bin/bin/../../lib/gcc/pic32m/13.2.1/../../../../pic32m/lib\libc-musl.a(__fmt_d.o)
 .comment       0x000000d3       0x36 C:/Program Files/Microchip/xc32/v5.00/bin/bin/../../lib/gcc/pic32m/13.2.1/../../../../pic32m/lib\libc-musl.a(__fmt_fp.o)
 .comment       0x000000d3       0x36 C:/Program Files/Microchip/xc32/v5.00/bin/bin/../../lib/gcc/pic32m/13.2.1/../../../../pic32m/lib\libc-musl.a(__fmt_o.o)
 .comment       0x000000d3       0x36 C:/Program Files/Microchip/xc32/v5.00/bin/bin/../../lib/gcc/pic32m/13.2.1/../../../../pic32m/lib\libc-musl.a(__fmt_s.o)
 .comment       0x000000d3       0x36 C:/Program Files/Microchip/xc32/v5.00/bin/bin/../../lib/gcc/pic32m/13.2.1/../../../../pic32m/lib\libc-musl.a(__fmt_u.o)
 .comment       0x000000d3       0x36 C:/Program Files/Microchip/xc32/v5.00/bin/bin/../../lib/gcc/pic32m/13.2.1/../../../../pic32m/lib\libc-musl.a(__fmt_x.o)
 .comment       0x000000d3       0x36 C:/Program Files/Microchip/xc32/v5.00/bin/bin/../../lib/gcc/pic32m/13.2.1/../../../../pic32m/lib\libc-musl.a(__init_stdio.o)
 .comment       0x000000d3       0x36 C:/Program Files/Microchip/xc32/v5.00/bin/bin/../../lib/gcc/pic32m/13.2.1/../../../../pic32m/lib\libc-musl.a(__io_file_needed.o)
 .comment       0x000000d3       0x36 C:/Program Files/Microchip/xc32/v5.00/bin/bin/../../lib/gcc/pic32m/13.2.1/../../../../pic32m/lib\libc-musl.a(toupper.o)
 .comment       0x000000d3       0x36 C:/Program Files/Microchip/xc32/v5.00/bin/bin/../../lib/gcc/pic32m/13.2.1/../../../../pic32m/lib\libc-musl.a(__cvt_u.o)
 .comment       0x000000d3       0x36 C:/Program Files/Microchip/xc32/v5.00/bin/bin/../../lib/gcc/pic32m/13.2.1/../../../../pic32m/lib\libm-musl.a(fma.o)
 .comment       0x000000d3       0x36 C:/Program Files/Microchip/xc32/v5.00/bin/bin/../../lib/gcc/pic32m/13.2.1/../../../../pic32m/lib\libm-musl.a(scalbn.o)
 .comment       0x000000d3       0x36 C:/Program Files/Microchip/xc32/v5.00/bin/bin/../../lib/gcc/pic32m/13.2.1/../../../../pic32m/lib\libpic32.a(_exit.o)
 .comment       0x000000d3       0x36 C:/Program Files/Microchip/xc32/v5.00/bin/bin/../../lib/gcc/pic32m/13.2.1/../../../../pic32m/lib\libpic32.a(write.o)
 .comment       0x000000d3       0x36 C:/Program Files/Microchip/xc32/v5.00/bin/bin/../../lib/gcc/pic32m/13.2.1/../../../../pic32m/lib\libpic32.a(lseek.o)
 .comment       0x000000d3       0x36 C:/Program Files/Microchip/xc32/v5.00/bin/bin/../../lib/gcc/pic32m/13.2.1/../../../../pic32m/lib\libpic32.a(close.o)
 .comment       0x000000d3       0x36 C:/Program Files/Microchip/xc32/v5.00/bin/bin/../../lib/gcc/pic32m/13.2.1/../../../../pic32m/lib\libpic32.a(errno.o)
 .comment       0x000000d3       0x36 C:/Program Files/Microchip/xc32/v5.00/bin/bin/../../lib/gcc/pic32m/13.2.1/../../../../pic32m/lib\libc-size-musl.a(memcpy.o)
 .comment       0x000000d3       0x36 C:/Program Files/Microchip/xc32/v5.00/bin/bin/../../lib/gcc/pic32m/13.2.1/../../../../pic32m/lib\libc-size-musl.a(memset.o)
 .comment       0x000000d3       0x36 C:/Program Files/Microchip/xc32/v5.00/bin/bin/../../lib/gcc/pic32m/13.2.1/../../../../pic32m/lib\libc-size-musl.a(strlen.o)
 .comment       0x000000d3       0x36 C:/Program Files/Microchip/xc32/v5.00/bin/bin/../../lib/gcc/pic32m/13.2.1/../../../../pic32m/lib\libc-size-musl.a(strcpy.o)
 .comment       0x000000d3       0x36 C:/Program Files/Microchip/xc32/v5.00/bin/bin/../../lib/gcc/pic32m/13.2.1/../../../../pic32m/lib\libc-size-musl.a(stpcpy.o)
 .comment       0x000000d3       0xd4 C:/Program Files/Microchip/xc32/v5.00/bin/bin/../../lib/gcc/pic32m/13.2.1/../../../../pic32m/lib\libe.a(_floatdidf.o)
 .comment       0x000000d3       0x36 C:/Program Files/Microchip/xc32/v5.00/bin/bin/../../lib/gcc/pic32m/13.2.1\libgcc.a(_lshrdi3.o)
 .comment       0x000000d3       0x36 C:/Program Files/Microchip/xc32/v5.00/bin/bin/../../lib/gcc/pic32m/13.2.1\libgcc.a(_ashldi3.o)
 .comment       0x000000d3       0x36 C:/Program Files/Microchip/xc32/v5.00/bin/bin/../../lib/gcc/pic32m/13.2.1\libgcc.a(_udivdi3.o)
 .comment       0x000000d3       0x36 C:/Program Files/Microchip/xc32/v5.00/bin/bin/../../lib/gcc/pic32m/13.2.1\libgcc.a(_umoddi3.o)

.debug
 *.elf(.debug)
 *(.debug)

.line
 *.elf(.line)
 *(.line)

.debug_srcinfo
 *.elf(.debug_srcinfo)
 *(.debug_srcinfo)

.debug_sfnames
 *.elf(.debug_sfnames)
 *(.debug_sfnames)

.debug_aranges  0x00000000      0xa48
 *.elf(.debug_aranges)
 *(.debug_aranges)
 .debug_aranges
                0x00000000       0x20 build/default/production/FrameworkSource/ES_CheckEvents.o
 .debug_aranges
                0x00000020       0x20 build/default/production/FrameworkSource/ES_DeferRecall.o
 .debug_aranges
                0x00000040       0x20 build/default/production/FrameworkSource/ES_Framework.o
 .debug_aranges
                0x00000060       0x20 build/default/production/FrameworkSource/ES_LookupTables.o
 .debug_aranges
                0x00000080       0x20 build/default/production/FrameworkSource/ES_Port.o
 .debug_aranges
                0x000000a0       0x18 build/default/production/FrameworkSource/ES_PostList.o
 .debug_aranges
                0x000000b8       0x20 build/default/production/FrameworkSource/ES_Queue.o
 .debug_aranges
                0x000000d8       0x20 build/default/production/FrameworkSource/ES_Timers.o
 .debug_aranges
                0x000000f8       0x20 build/default/production/FrameworkSource/terminal.o
 .debug_aranges
                0x00000118       0x20 build/default/production/FrameworkSource/circular_buffer_no_modulo_threadsafe.o
 .debug_aranges
                0x00000138       0x20 build/default/production/FrameworkSource/dbprintf.o
 .debug_aranges
                0x00000158       0x20 build/default/production/ProjectSource/EventCheckers.o
 .debug_aranges
                0x00000178       0x20 build/default/production/ProjectSource/main.o
 .debug_aranges
                0x00000198       0x20 build/default/production/ProjectSource/PIC32_IC_Lib.o
 .debug_aranges
                0x000001b8       0x20 build/default/production/ProjectSource/PIC32_PWM_Lib.o
 .debug_aranges
                0x000001d8       0x20 build/default/production/ProjectSource/PIC32_SPI_HAL.o
 .debug_aranges
                0x000001f8       0x20 build/default/production/ProjectSource/SPIFollowService.o
 .debug_aranges
                0x00000218       0x20 build/default/production/ProjectSource/StepperService.o
 .debug_aranges
                0x00000238       0x20 build/default/production/ProjectSource/DropoffLoweringArmFSM.o
 .debug_aranges
                0x00000258       0x20 build/default/production/ProjectSource/FieldSideServoService.o
 .debug_aranges
                0x00000278       0x20 build/default/production/ProjectSource/IntakeService.o
 .debug_aranges
                0x00000298       0x20 build/default/production/ProjectSource/OperatorFSM.o
 .debug_aranges
                0x000002b8       0x20 build/default/production/ProjectSource/KeyboardService.o
 .debug_aranges
                0x000002d8       0x20 C:/Program Files/Microchip/xc32/v5.00/bin/bin/../../lib/gcc/pic32m/13.2.1/../../../../pic32m/lib\libpic32.a(default-bootstrap-exception-handler.o)
 .debug_aranges
                0x000002f8       0x20 C:/Program Files/Microchip/xc32/v5.00/bin/bin/../../lib/gcc/pic32m/13.2.1/../../../../pic32m/lib\libpic32.a(default-on-reset.o)
 .debug_aranges
                0x00000318       0x20 C:/Program Files/Microchip/xc32/v5.00/bin/bin/../../lib/gcc/pic32m/13.2.1/../../../../pic32m/lib\libpic32.a(default-on-bootstrap.o)
 .debug_aranges
                0x00000338       0x18 C:/Program Files/Microchip/xc32/v5.00/bin/bin/../../lib/gcc/pic32m/13.2.1/../../../../pic32m/lib\libpic32.a(xc32_uart.o)
 .debug_aranges
                0x00000350       0x20 C:/Program Files/Microchip/xc32/v5.00/bin/bin/../../lib/gcc/pic32m/13.2.1/../../../../pic32m/lib\libpic32.a(default-general-exception-handler.o)
 .debug_aranges
                0x00000370       0x20 C:/Program Files/Microchip/xc32/v5.00/bin/bin/../../lib/gcc/pic32m/13.2.1/../../../../pic32m/lib\libpic32.a(defaultinterrupt.o)
 .debug_aranges
                0x00000390       0x20 C:/Program Files/Microchip/xc32/v5.00/bin/bin/../../lib/gcc/pic32m/13.2.1/../../../../pic32m/lib\libc-musl.a(assert.o)
 .debug_aranges
                0x000003b0       0x20 C:/Program Files/Microchip/xc32/v5.00/bin/bin/../../lib/gcc/pic32m/13.2.1/../../../../pic32m/lib\libc-musl.a(abort.o)
 .debug_aranges
                0x000003d0       0x20 C:/Program Files/Microchip/xc32/v5.00/bin/bin/../../lib/gcc/pic32m/13.2.1/../../../../pic32m/lib\libc-musl.a(fprintf.o)
 .debug_aranges
                0x000003f0       0x30 C:/Program Files/Microchip/xc32/v5.00/bin/bin/../../lib/gcc/pic32m/13.2.1/../../../../pic32m/lib\libc-musl.a(fflush.o)
 .debug_aranges
                0x00000420       0x28 C:/Program Files/Microchip/xc32/v5.00/bin/bin/../../lib/gcc/pic32m/13.2.1/../../../../pic32m/lib\libc-musl.a(vfprintf.o)
 .debug_aranges
                0x00000448       0x38 C:/Program Files/Microchip/xc32/v5.00/bin/bin/../../lib/gcc/pic32m/13.2.1/../../../../pic32m/lib\libc-musl.a(stderr.o)
 .debug_aranges
                0x00000480       0x20 C:/Program Files/Microchip/xc32/v5.00/bin/bin/../../lib/gcc/pic32m/13.2.1/../../../../pic32m/lib\libc-musl.a(putchar.o)
 .debug_aranges
                0x000004a0       0x20 C:/Program Files/Microchip/xc32/v5.00/bin/bin/../../lib/gcc/pic32m/13.2.1/../../../../pic32m/lib\libc-musl.a(_Exit.o)
 .debug_aranges
                0x000004c0       0x20 C:/Program Files/Microchip/xc32/v5.00/bin/bin/../../lib/gcc/pic32m/13.2.1/../../../../pic32m/lib\libc-musl.a(__io_fmt_needed.o)
 .debug_aranges
                0x000004e0       0x28 C:/Program Files/Microchip/xc32/v5.00/bin/bin/../../lib/gcc/pic32m/13.2.1/../../../../pic32m/lib\libc-musl.a(__io_init_needed.o)
 .debug_aranges
                0x00000508       0x28 C:/Program Files/Microchip/xc32/v5.00/bin/bin/../../lib/gcc/pic32m/13.2.1/../../../../pic32m/lib\libc-musl.a(__out.o)
 .debug_aranges
                0x00000530       0x20 C:/Program Files/Microchip/xc32/v5.00/bin/bin/../../lib/gcc/pic32m/13.2.1/../../../../pic32m/lib\libc-musl.a(__pop_float.o)
 .debug_aranges
                0x00000550       0x20 C:/Program Files/Microchip/xc32/v5.00/bin/bin/../../lib/gcc/pic32m/13.2.1/../../../../pic32m/lib\libc-musl.a(__pop_int.o)
 .debug_aranges
                0x00000570       0x20 C:/Program Files/Microchip/xc32/v5.00/bin/bin/../../lib/gcc/pic32m/13.2.1/../../../../pic32m/lib\libc-musl.a(__pop_ptr.o)
 .debug_aranges
                0x00000590       0x50 C:/Program Files/Microchip/xc32/v5.00/bin/bin/../../lib/gcc/pic32m/13.2.1/../../../../pic32m/lib\libc-musl.a(__printf_core.o)
 .debug_aranges
                0x000005e0       0x28 C:/Program Files/Microchip/xc32/v5.00/bin/bin/../../lib/gcc/pic32m/13.2.1/../../../../pic32m/lib\libc-musl.a(__stdio_close.o)
 .debug_aranges
                0x00000608       0x30 C:/Program Files/Microchip/xc32/v5.00/bin/bin/../../lib/gcc/pic32m/13.2.1/../../../../pic32m/lib\libc-musl.a(putc.o)
 .debug_aranges
                0x00000638       0x30 C:/Program Files/Microchip/xc32/v5.00/bin/bin/../../lib/gcc/pic32m/13.2.1/../../../../pic32m/lib\libc-musl.a(stdout.o)
 .debug_aranges
                0x00000668       0x20 C:/Program Files/Microchip/xc32/v5.00/bin/bin/../../lib/gcc/pic32m/13.2.1/../../../../pic32m/lib\libc-musl.a(atoi.o)
 .debug_aranges
                0x00000688       0x28 C:/Program Files/Microchip/xc32/v5.00/bin/bin/../../lib/gcc/pic32m/13.2.1/../../../../pic32m/lib\libc-musl.a(tolower.o)
 .debug_aranges
                0x000006b0       0x20 C:/Program Files/Microchip/xc32/v5.00/bin/bin/../../lib/gcc/pic32m/13.2.1/../../../../pic32m/lib\libc-musl.a(__fmt_a.o)
 .debug_aranges
                0x000006d0       0x20 C:/Program Files/Microchip/xc32/v5.00/bin/bin/../../lib/gcc/pic32m/13.2.1/../../../../pic32m/lib\libc-musl.a(__fmt_d.o)
 .debug_aranges
                0x000006f0       0x20 C:/Program Files/Microchip/xc32/v5.00/bin/bin/../../lib/gcc/pic32m/13.2.1/../../../../pic32m/lib\libc-musl.a(__fmt_fp.o)
 .debug_aranges
                0x00000710       0x20 C:/Program Files/Microchip/xc32/v5.00/bin/bin/../../lib/gcc/pic32m/13.2.1/../../../../pic32m/lib\libc-musl.a(__fmt_o.o)
 .debug_aranges
                0x00000730       0x20 C:/Program Files/Microchip/xc32/v5.00/bin/bin/../../lib/gcc/pic32m/13.2.1/../../../../pic32m/lib\libc-musl.a(__fmt_s.o)
 .debug_aranges
                0x00000750       0x20 C:/Program Files/Microchip/xc32/v5.00/bin/bin/../../lib/gcc/pic32m/13.2.1/../../../../pic32m/lib\libc-musl.a(__fmt_u.o)
 .debug_aranges
                0x00000770       0x20 C:/Program Files/Microchip/xc32/v5.00/bin/bin/../../lib/gcc/pic32m/13.2.1/../../../../pic32m/lib\libc-musl.a(__fmt_x.o)
 .debug_aranges
                0x00000790       0x28 C:/Program Files/Microchip/xc32/v5.00/bin/bin/../../lib/gcc/pic32m/13.2.1/../../../../pic32m/lib\libc-musl.a(__init_stdio.o)
 .debug_aranges
                0x000007b8       0x20 C:/Program Files/Microchip/xc32/v5.00/bin/bin/../../lib/gcc/pic32m/13.2.1/../../../../pic32m/lib\libc-musl.a(__io_file_needed.o)
 .debug_aranges
                0x000007d8       0x28 C:/Program Files/Microchip/xc32/v5.00/bin/bin/../../lib/gcc/pic32m/13.2.1/../../../../pic32m/lib\libc-musl.a(toupper.o)
 .debug_aranges
                0x00000800       0x20 C:/Program Files/Microchip/xc32/v5.00/bin/bin/../../lib/gcc/pic32m/13.2.1/../../../../pic32m/lib\libc-musl.a(__cvt_u.o)
 .debug_aranges
                0x00000820       0x30 C:/Program Files/Microchip/xc32/v5.00/bin/bin/../../lib/gcc/pic32m/13.2.1/../../../../pic32m/lib\libm-musl.a(fma.o)
 .debug_aranges
                0x00000850       0x20 C:/Program Files/Microchip/xc32/v5.00/bin/bin/../../lib/gcc/pic32m/13.2.1/../../../../pic32m/lib\libm-musl.a(scalbn.o)
 .debug_aranges
                0x00000870       0x20 C:/Program Files/Microchip/xc32/v5.00/bin/bin/../../lib/gcc/pic32m/13.2.1/../../../../pic32m/lib\libpic32.a(_exit.o)
 .debug_aranges
                0x00000890       0x20 C:/Program Files/Microchip/xc32/v5.00/bin/bin/../../lib/gcc/pic32m/13.2.1/../../../../pic32m/lib\libpic32.a(write.o)
 .debug_aranges
                0x000008b0       0x20 C:/Program Files/Microchip/xc32/v5.00/bin/bin/../../lib/gcc/pic32m/13.2.1/../../../../pic32m/lib\libpic32.a(lseek.o)
 .debug_aranges
                0x000008d0       0x20 C:/Program Files/Microchip/xc32/v5.00/bin/bin/../../lib/gcc/pic32m/13.2.1/../../../../pic32m/lib\libpic32.a(close.o)
 .debug_aranges
                0x000008f0       0x18 C:/Program Files/Microchip/xc32/v5.00/bin/bin/../../lib/gcc/pic32m/13.2.1/../../../../pic32m/lib\libpic32.a(errno.o)
 .debug_aranges
                0x00000908       0x20 C:/Program Files/Microchip/xc32/v5.00/bin/bin/../../lib/gcc/pic32m/13.2.1/../../../../pic32m/lib\libc-size-musl.a(memcpy.o)
 .debug_aranges
                0x00000928       0x20 C:/Program Files/Microchip/xc32/v5.00/bin/bin/../../lib/gcc/pic32m/13.2.1/../../../../pic32m/lib\libc-size-musl.a(memset.o)
 .debug_aranges
                0x00000948       0x20 C:/Program Files/Microchip/xc32/v5.00/bin/bin/../../lib/gcc/pic32m/13.2.1/../../../../pic32m/lib\libc-size-musl.a(strlen.o)
 .debug_aranges
                0x00000968       0x20 C:/Program Files/Microchip/xc32/v5.00/bin/bin/../../lib/gcc/pic32m/13.2.1/../../../../pic32m/lib\libc-size-musl.a(strcpy.o)
 .debug_aranges
                0x00000988       0x20 C:/Program Files/Microchip/xc32/v5.00/bin/bin/../../lib/gcc/pic32m/13.2.1/../../../../pic32m/lib\libc-size-musl.a(stpcpy.o)
 .debug_aranges
                0x000009a8       0x20 C:/Program Files/Microchip/xc32/v5.00/bin/bin/../../lib/gcc/pic32m/13.2.1/../../../../pic32m/lib\libe.a(_floatdidf.o)
 .debug_aranges
                0x000009c8       0x20 C:/Program Files/Microchip/xc32/v5.00/bin/bin/../../lib/gcc/pic32m/13.2.1\libgcc.a(_lshrdi3.o)
 .debug_aranges
                0x000009e8       0x20 C:/Program Files/Microchip/xc32/v5.00/bin/bin/../../lib/gcc/pic32m/13.2.1\libgcc.a(_ashldi3.o)
 .debug_aranges
                0x00000a08       0x20 C:/Program Files/Microchip/xc32/v5.00/bin/bin/../../lib/gcc/pic32m/13.2.1\libgcc.a(_udivdi3.o)
 .debug_aranges
                0x00000a28       0x20 C:/Program Files/Microchip/xc32/v5.00/bin/bin/../../lib/gcc/pic32m/13.2.1\libgcc.a(_umoddi3.o)

.debug_pubnames
 *.elf(.debug_pubnames)
 *(.debug_pubnames)

.debug_info     0x00000000    0x110aa
 *.elf(.debug_info .gnu.linkonce.wi.*)
 *(.debug_info .gnu.linkonce.wi.*)
 .debug_info    0x00000000      0x112 build/default/production/FrameworkSource/ES_CheckEvents.o
 .debug_info    0x00000112      0x201 build/default/production/FrameworkSource/ES_DeferRecall.o
 .debug_info    0x00000313      0x757 build/default/production/FrameworkSource/ES_Framework.o
 .debug_info    0x00000a6a      0x151 build/default/production/FrameworkSource/ES_LookupTables.o
 .debug_info    0x00000bbb      0xa26 build/default/production/FrameworkSource/ES_Port.o
 .debug_info    0x000015e1       0x79 build/default/production/FrameworkSource/ES_PostList.o
 .debug_info    0x0000165a      0x36c build/default/production/FrameworkSource/ES_Queue.o
 .debug_info    0x000019c6      0x4c4 build/default/production/FrameworkSource/ES_Timers.o
 .debug_info    0x00001e8a      0xa54 build/default/production/FrameworkSource/terminal.o
 .debug_info    0x000028de      0x3a8 build/default/production/FrameworkSource/circular_buffer_no_modulo_threadsafe.o
 .debug_info    0x00002c86      0x1dd build/default/production/FrameworkSource/dbprintf.o
 .debug_info    0x00002e63      0x773 build/default/production/ProjectSource/EventCheckers.o
 .debug_info    0x000035d6      0x1c1 build/default/production/ProjectSource/main.o
 .debug_info    0x00003797      0xd7c build/default/production/ProjectSource/PIC32_IC_Lib.o
 .debug_info    0x00004513      0xb02 build/default/production/ProjectSource/PIC32_PWM_Lib.o
 .debug_info    0x00005015     0x1474 build/default/production/ProjectSource/PIC32_SPI_HAL.o
 .debug_info    0x00006489      0x569 build/default/production/ProjectSource/SPIFollowService.o
 .debug_info    0x000069f2      0x77c build/default/production/ProjectSource/StepperService.o
 .debug_info    0x0000716e      0x561 build/default/production/ProjectSource/DropoffLoweringArmFSM.o
 .debug_info    0x000076cf      0x3ec build/default/production/ProjectSource/FieldSideServoService.o
 .debug_info    0x00007abb      0x23e build/default/production/ProjectSource/IntakeService.o
 .debug_info    0x00007cf9     0x16d8 build/default/production/ProjectSource/OperatorFSM.o
 .debug_info    0x000093d1      0x2d2 build/default/production/ProjectSource/KeyboardService.o
 .debug_info    0x000096a3       0x72 C:/Program Files/Microchip/xc32/v5.00/bin/bin/../../lib/gcc/pic32m/13.2.1/../../../../pic32m/lib\libpic32.a(default-bootstrap-exception-handler.o)
 .debug_info    0x00009715       0x40 C:/Program Files/Microchip/xc32/v5.00/bin/bin/../../lib/gcc/pic32m/13.2.1/../../../../pic32m/lib\libpic32.a(default-on-reset.o)
 .debug_info    0x00009755       0x40 C:/Program Files/Microchip/xc32/v5.00/bin/bin/../../lib/gcc/pic32m/13.2.1/../../../../pic32m/lib\libpic32.a(default-on-bootstrap.o)
 .debug_info    0x00009795       0x38 C:/Program Files/Microchip/xc32/v5.00/bin/bin/../../lib/gcc/pic32m/13.2.1/../../../../pic32m/lib\libpic32.a(xc32_uart.o)
 .debug_info    0x000097cd       0x72 C:/Program Files/Microchip/xc32/v5.00/bin/bin/../../lib/gcc/pic32m/13.2.1/../../../../pic32m/lib\libpic32.a(default-general-exception-handler.o)
 .debug_info    0x0000983f       0x9b C:/Program Files/Microchip/xc32/v5.00/bin/bin/../../lib/gcc/pic32m/13.2.1/../../../../pic32m/lib\libpic32.a(defaultinterrupt.o)
 .debug_info    0x000098da      0x1ae C:/Program Files/Microchip/xc32/v5.00/bin/bin/../../lib/gcc/pic32m/13.2.1/../../../../pic32m/lib\libc-musl.a(assert.o)
 .debug_info    0x00009a88       0x92 C:/Program Files/Microchip/xc32/v5.00/bin/bin/../../lib/gcc/pic32m/13.2.1/../../../../pic32m/lib\libc-musl.a(abort.o)
 .debug_info    0x00009b1a      0x148 C:/Program Files/Microchip/xc32/v5.00/bin/bin/../../lib/gcc/pic32m/13.2.1/../../../../pic32m/lib\libc-musl.a(fprintf.o)
 .debug_info    0x00009c62      0x2ce C:/Program Files/Microchip/xc32/v5.00/bin/bin/../../lib/gcc/pic32m/13.2.1/../../../../pic32m/lib\libc-musl.a(fflush.o)
 .debug_info    0x00009f30      0x411 C:/Program Files/Microchip/xc32/v5.00/bin/bin/../../lib/gcc/pic32m/13.2.1/../../../../pic32m/lib\libc-musl.a(vfprintf.o)
 .debug_info    0x0000a341      0x44a C:/Program Files/Microchip/xc32/v5.00/bin/bin/../../lib/gcc/pic32m/13.2.1/../../../../pic32m/lib\libc-musl.a(stderr.o)
 .debug_info    0x0000a78b       0xe9 C:/Program Files/Microchip/xc32/v5.00/bin/bin/../../lib/gcc/pic32m/13.2.1/../../../../pic32m/lib\libc-musl.a(putchar.o)
 .debug_info    0x0000a874       0xb5 C:/Program Files/Microchip/xc32/v5.00/bin/bin/../../lib/gcc/pic32m/13.2.1/../../../../pic32m/lib\libc-musl.a(_Exit.o)
 .debug_info    0x0000a929      0x191 C:/Program Files/Microchip/xc32/v5.00/bin/bin/../../lib/gcc/pic32m/13.2.1/../../../../pic32m/lib\libc-musl.a(__io_fmt_needed.o)
 .debug_info    0x0000aaba       0xe2 C:/Program Files/Microchip/xc32/v5.00/bin/bin/../../lib/gcc/pic32m/13.2.1/../../../../pic32m/lib\libc-musl.a(__io_init_needed.o)
 .debug_info    0x0000ab9c      0x2fd C:/Program Files/Microchip/xc32/v5.00/bin/bin/../../lib/gcc/pic32m/13.2.1/../../../../pic32m/lib\libc-musl.a(__out.o)
 .debug_info    0x0000ae99      0x13b C:/Program Files/Microchip/xc32/v5.00/bin/bin/../../lib/gcc/pic32m/13.2.1/../../../../pic32m/lib\libc-musl.a(__pop_float.o)
 .debug_info    0x0000afd4      0x155 C:/Program Files/Microchip/xc32/v5.00/bin/bin/../../lib/gcc/pic32m/13.2.1/../../../../pic32m/lib\libc-musl.a(__pop_int.o)
 .debug_info    0x0000b129      0x165 C:/Program Files/Microchip/xc32/v5.00/bin/bin/../../lib/gcc/pic32m/13.2.1/../../../../pic32m/lib\libc-musl.a(__pop_ptr.o)
 .debug_info    0x0000b28e      0xac9 C:/Program Files/Microchip/xc32/v5.00/bin/bin/../../lib/gcc/pic32m/13.2.1/../../../../pic32m/lib\libc-musl.a(__printf_core.o)
 .debug_info    0x0000bd57      0x418 C:/Program Files/Microchip/xc32/v5.00/bin/bin/../../lib/gcc/pic32m/13.2.1/../../../../pic32m/lib\libc-musl.a(__stdio_close.o)
 .debug_info    0x0000c16f      0x240 C:/Program Files/Microchip/xc32/v5.00/bin/bin/../../lib/gcc/pic32m/13.2.1/../../../../pic32m/lib\libc-musl.a(putc.o)
 .debug_info    0x0000c3af      0x44e C:/Program Files/Microchip/xc32/v5.00/bin/bin/../../lib/gcc/pic32m/13.2.1/../../../../pic32m/lib\libc-musl.a(stdout.o)
 .debug_info    0x0000c7fd       0xef C:/Program Files/Microchip/xc32/v5.00/bin/bin/../../lib/gcc/pic32m/13.2.1/../../../../pic32m/lib\libc-musl.a(atoi.o)
 .debug_info    0x0000c8ec      0x11e C:/Program Files/Microchip/xc32/v5.00/bin/bin/../../lib/gcc/pic32m/13.2.1/../../../../pic32m/lib\libc-musl.a(tolower.o)
 .debug_info    0x0000ca0a      0x77d C:/Program Files/Microchip/xc32/v5.00/bin/bin/../../lib/gcc/pic32m/13.2.1/../../../../pic32m/lib\libc-musl.a(__fmt_a.o)
 .debug_info    0x0000d187      0x36d C:/Program Files/Microchip/xc32/v5.00/bin/bin/../../lib/gcc/pic32m/13.2.1/../../../../pic32m/lib\libc-musl.a(__fmt_d.o)
 .debug_info    0x0000d4f4      0x782 C:/Program Files/Microchip/xc32/v5.00/bin/bin/../../lib/gcc/pic32m/13.2.1/../../../../pic32m/lib\libc-musl.a(__fmt_fp.o)
 .debug_info    0x0000dc76      0x33e C:/Program Files/Microchip/xc32/v5.00/bin/bin/../../lib/gcc/pic32m/13.2.1/../../../../pic32m/lib\libc-musl.a(__fmt_o.o)
 .debug_info    0x0000dfb4      0x2dc C:/Program Files/Microchip/xc32/v5.00/bin/bin/../../lib/gcc/pic32m/13.2.1/../../../../pic32m/lib\libc-musl.a(__fmt_s.o)
 .debug_info    0x0000e290      0x33e C:/Program Files/Microchip/xc32/v5.00/bin/bin/../../lib/gcc/pic32m/13.2.1/../../../../pic32m/lib\libc-musl.a(__fmt_u.o)
 .debug_info    0x0000e5ce      0x34e C:/Program Files/Microchip/xc32/v5.00/bin/bin/../../lib/gcc/pic32m/13.2.1/../../../../pic32m/lib\libc-musl.a(__fmt_x.o)
 .debug_info    0x0000e91c       0xbd C:/Program Files/Microchip/xc32/v5.00/bin/bin/../../lib/gcc/pic32m/13.2.1/../../../../pic32m/lib\libc-musl.a(__init_stdio.o)
 .debug_info    0x0000e9d9       0xaf C:/Program Files/Microchip/xc32/v5.00/bin/bin/../../lib/gcc/pic32m/13.2.1/../../../../pic32m/lib\libc-musl.a(__io_file_needed.o)
 .debug_info    0x0000ea88      0x11e C:/Program Files/Microchip/xc32/v5.00/bin/bin/../../lib/gcc/pic32m/13.2.1/../../../../pic32m/lib\libc-musl.a(toupper.o)
 .debug_info    0x0000eba6      0x1fa C:/Program Files/Microchip/xc32/v5.00/bin/bin/../../lib/gcc/pic32m/13.2.1/../../../../pic32m/lib\libc-musl.a(__cvt_u.o)
 .debug_info    0x0000eda0      0x6a6 C:/Program Files/Microchip/xc32/v5.00/bin/bin/../../lib/gcc/pic32m/13.2.1/../../../../pic32m/lib\libm-musl.a(fma.o)
 .debug_info    0x0000f446      0x147 C:/Program Files/Microchip/xc32/v5.00/bin/bin/../../lib/gcc/pic32m/13.2.1/../../../../pic32m/lib\libm-musl.a(scalbn.o)
 .debug_info    0x0000f58d       0x60 C:/Program Files/Microchip/xc32/v5.00/bin/bin/../../lib/gcc/pic32m/13.2.1/../../../../pic32m/lib\libpic32.a(_exit.o)
 .debug_info    0x0000f5ed      0x113 C:/Program Files/Microchip/xc32/v5.00/bin/bin/../../lib/gcc/pic32m/13.2.1/../../../../pic32m/lib\libpic32.a(write.o)
 .debug_info    0x0000f700       0xc4 C:/Program Files/Microchip/xc32/v5.00/bin/bin/../../lib/gcc/pic32m/13.2.1/../../../../pic32m/lib\libpic32.a(lseek.o)
 .debug_info    0x0000f7c4       0x9d C:/Program Files/Microchip/xc32/v5.00/bin/bin/../../lib/gcc/pic32m/13.2.1/../../../../pic32m/lib\libpic32.a(close.o)
 .debug_info    0x0000f861       0x41 C:/Program Files/Microchip/xc32/v5.00/bin/bin/../../lib/gcc/pic32m/13.2.1/../../../../pic32m/lib\libpic32.a(errno.o)
 .debug_info    0x0000f8a2       0xff C:/Program Files/Microchip/xc32/v5.00/bin/bin/../../lib/gcc/pic32m/13.2.1/../../../../pic32m/lib\libc-size-musl.a(memcpy.o)
 .debug_info    0x0000f9a1       0xc8 C:/Program Files/Microchip/xc32/v5.00/bin/bin/../../lib/gcc/pic32m/13.2.1/../../../../pic32m/lib\libc-size-musl.a(memset.o)
 .debug_info    0x0000fa69       0xa4 C:/Program Files/Microchip/xc32/v5.00/bin/bin/../../lib/gcc/pic32m/13.2.1/../../../../pic32m/lib\libc-size-musl.a(strlen.o)
 .debug_info    0x0000fb0d       0xdd C:/Program Files/Microchip/xc32/v5.00/bin/bin/../../lib/gcc/pic32m/13.2.1/../../../../pic32m/lib\libc-size-musl.a(strcpy.o)
 .debug_info    0x0000fbea       0xb3 C:/Program Files/Microchip/xc32/v5.00/bin/bin/../../lib/gcc/pic32m/13.2.1/../../../../pic32m/lib\libc-size-musl.a(stpcpy.o)
 .debug_info    0x0000fc9d      0x2b4 C:/Program Files/Microchip/xc32/v5.00/bin/bin/../../lib/gcc/pic32m/13.2.1/../../../../pic32m/lib\libe.a(_floatdidf.o)
 .debug_info    0x0000ff51      0x1ab C:/Program Files/Microchip/xc32/v5.00/bin/bin/../../lib/gcc/pic32m/13.2.1\libgcc.a(_lshrdi3.o)
 .debug_info    0x000100fc      0x1ab C:/Program Files/Microchip/xc32/v5.00/bin/bin/../../lib/gcc/pic32m/13.2.1\libgcc.a(_ashldi3.o)
 .debug_info    0x000102a7      0x6c0 C:/Program Files/Microchip/xc32/v5.00/bin/bin/../../lib/gcc/pic32m/13.2.1\libgcc.a(_udivdi3.o)
 .debug_info    0x00010967      0x743 C:/Program Files/Microchip/xc32/v5.00/bin/bin/../../lib/gcc/pic32m/13.2.1\libgcc.a(_umoddi3.o)

.debug_abbrev   0x00000000     0x57cb
 *.elf(.debug_abbrev)
 *(.debug_abbrev)
 .debug_abbrev  0x00000000       0xb7 build/default/production/FrameworkSource/ES_CheckEvents.o
 .debug_abbrev  0x000000b7       0xeb build/default/production/FrameworkSource/ES_DeferRecall.o
 .debug_abbrev  0x000001a2      0x1eb build/default/production/FrameworkSource/ES_Framework.o
 .debug_abbrev  0x0000038d       0xb2 build/default/production/FrameworkSource/ES_LookupTables.o
 .debug_abbrev  0x0000043f      0x214 build/default/production/FrameworkSource/ES_Port.o
 .debug_abbrev  0x00000653       0x26 build/default/production/FrameworkSource/ES_PostList.o
 .debug_abbrev  0x00000679      0x10f build/default/production/FrameworkSource/ES_Queue.o
 .debug_abbrev  0x00000788      0x1f5 build/default/production/FrameworkSource/ES_Timers.o
 .debug_abbrev  0x0000097d      0x1f4 build/default/production/FrameworkSource/terminal.o
 .debug_abbrev  0x00000b71      0x173 build/default/production/FrameworkSource/circular_buffer_no_modulo_threadsafe.o
 .debug_abbrev  0x00000ce4      0x108 build/default/production/FrameworkSource/dbprintf.o
 .debug_abbrev  0x00000dec      0x1e9 build/default/production/ProjectSource/EventCheckers.o
 .debug_abbrev  0x00000fd5      0x121 build/default/production/ProjectSource/main.o
 .debug_abbrev  0x000010f6      0x1da build/default/production/ProjectSource/PIC32_IC_Lib.o
 .debug_abbrev  0x000012d0      0x1ae build/default/production/ProjectSource/PIC32_PWM_Lib.o
 .debug_abbrev  0x0000147e      0x251 build/default/production/ProjectSource/PIC32_SPI_HAL.o
 .debug_abbrev  0x000016cf      0x18f build/default/production/ProjectSource/SPIFollowService.o
 .debug_abbrev  0x0000185e      0x1b9 build/default/production/ProjectSource/StepperService.o
 .debug_abbrev  0x00001a17      0x165 build/default/production/ProjectSource/DropoffLoweringArmFSM.o
 .debug_abbrev  0x00001b7c      0x113 build/default/production/ProjectSource/FieldSideServoService.o
 .debug_abbrev  0x00001c8f      0x11e build/default/production/ProjectSource/IntakeService.o
 .debug_abbrev  0x00001dad      0x25b build/default/production/ProjectSource/OperatorFSM.o
 .debug_abbrev  0x00002008      0x12a build/default/production/ProjectSource/KeyboardService.o
 .debug_abbrev  0x00002132       0x7d C:/Program Files/Microchip/xc32/v5.00/bin/bin/../../lib/gcc/pic32m/13.2.1/../../../../pic32m/lib\libpic32.a(default-bootstrap-exception-handler.o)
 .debug_abbrev  0x000021af       0x30 C:/Program Files/Microchip/xc32/v5.00/bin/bin/../../lib/gcc/pic32m/13.2.1/../../../../pic32m/lib\libpic32.a(default-on-reset.o)
 .debug_abbrev  0x000021df       0x30 C:/Program Files/Microchip/xc32/v5.00/bin/bin/../../lib/gcc/pic32m/13.2.1/../../../../pic32m/lib\libpic32.a(default-on-bootstrap.o)
 .debug_abbrev  0x0000220f       0x2e C:/Program Files/Microchip/xc32/v5.00/bin/bin/../../lib/gcc/pic32m/13.2.1/../../../../pic32m/lib\libpic32.a(xc32_uart.o)
 .debug_abbrev  0x0000223d       0x7d C:/Program Files/Microchip/xc32/v5.00/bin/bin/../../lib/gcc/pic32m/13.2.1/../../../../pic32m/lib\libpic32.a(default-general-exception-handler.o)
 .debug_abbrev  0x000022ba       0x93 C:/Program Files/Microchip/xc32/v5.00/bin/bin/../../lib/gcc/pic32m/13.2.1/../../../../pic32m/lib\libpic32.a(defaultinterrupt.o)
 .debug_abbrev  0x0000234d       0xf5 C:/Program Files/Microchip/xc32/v5.00/bin/bin/../../lib/gcc/pic32m/13.2.1/../../../../pic32m/lib\libc-musl.a(assert.o)
 .debug_abbrev  0x00002442       0x7d C:/Program Files/Microchip/xc32/v5.00/bin/bin/../../lib/gcc/pic32m/13.2.1/../../../../pic32m/lib\libc-musl.a(abort.o)
 .debug_abbrev  0x000024bf       0xfb C:/Program Files/Microchip/xc32/v5.00/bin/bin/../../lib/gcc/pic32m/13.2.1/../../../../pic32m/lib\libc-musl.a(fprintf.o)
 .debug_abbrev  0x000025ba      0x199 C:/Program Files/Microchip/xc32/v5.00/bin/bin/../../lib/gcc/pic32m/13.2.1/../../../../pic32m/lib\libc-musl.a(fflush.o)
 .debug_abbrev  0x00002753      0x191 C:/Program Files/Microchip/xc32/v5.00/bin/bin/../../lib/gcc/pic32m/13.2.1/../../../../pic32m/lib\libc-musl.a(vfprintf.o)
 .debug_abbrev  0x000028e4      0x1ea C:/Program Files/Microchip/xc32/v5.00/bin/bin/../../lib/gcc/pic32m/13.2.1/../../../../pic32m/lib\libc-musl.a(stderr.o)
 .debug_abbrev  0x00002ace       0xcf C:/Program Files/Microchip/xc32/v5.00/bin/bin/../../lib/gcc/pic32m/13.2.1/../../../../pic32m/lib\libc-musl.a(putchar.o)
 .debug_abbrev  0x00002b9d       0x93 C:/Program Files/Microchip/xc32/v5.00/bin/bin/../../lib/gcc/pic32m/13.2.1/../../../../pic32m/lib\libc-musl.a(_Exit.o)
 .debug_abbrev  0x00002c30       0x77 C:/Program Files/Microchip/xc32/v5.00/bin/bin/../../lib/gcc/pic32m/13.2.1/../../../../pic32m/lib\libc-musl.a(__io_fmt_needed.o)
 .debug_abbrev  0x00002ca7       0x9b C:/Program Files/Microchip/xc32/v5.00/bin/bin/../../lib/gcc/pic32m/13.2.1/../../../../pic32m/lib\libc-musl.a(__io_init_needed.o)
 .debug_abbrev  0x00002d42      0x19a C:/Program Files/Microchip/xc32/v5.00/bin/bin/../../lib/gcc/pic32m/13.2.1/../../../../pic32m/lib\libc-musl.a(__out.o)
 .debug_abbrev  0x00002edc       0xc6 C:/Program Files/Microchip/xc32/v5.00/bin/bin/../../lib/gcc/pic32m/13.2.1/../../../../pic32m/lib\libc-musl.a(__pop_float.o)
 .debug_abbrev  0x00002fa2       0xd7 C:/Program Files/Microchip/xc32/v5.00/bin/bin/../../lib/gcc/pic32m/13.2.1/../../../../pic32m/lib\libc-musl.a(__pop_int.o)
 .debug_abbrev  0x00003079       0xda C:/Program Files/Microchip/xc32/v5.00/bin/bin/../../lib/gcc/pic32m/13.2.1/../../../../pic32m/lib\libc-musl.a(__pop_ptr.o)
 .debug_abbrev  0x00003153      0x343 C:/Program Files/Microchip/xc32/v5.00/bin/bin/../../lib/gcc/pic32m/13.2.1/../../../../pic32m/lib\libc-musl.a(__printf_core.o)
 .debug_abbrev  0x00003496      0x17c C:/Program Files/Microchip/xc32/v5.00/bin/bin/../../lib/gcc/pic32m/13.2.1/../../../../pic32m/lib\libc-musl.a(__stdio_close.o)
 .debug_abbrev  0x00003612      0x16d C:/Program Files/Microchip/xc32/v5.00/bin/bin/../../lib/gcc/pic32m/13.2.1/../../../../pic32m/lib\libc-musl.a(putc.o)
 .debug_abbrev  0x0000377f      0x1d6 C:/Program Files/Microchip/xc32/v5.00/bin/bin/../../lib/gcc/pic32m/13.2.1/../../../../pic32m/lib\libc-musl.a(stdout.o)
 .debug_abbrev  0x00003955       0xc4 C:/Program Files/Microchip/xc32/v5.00/bin/bin/../../lib/gcc/pic32m/13.2.1/../../../../pic32m/lib\libc-musl.a(atoi.o)
 .debug_abbrev  0x00003a19       0xf4 C:/Program Files/Microchip/xc32/v5.00/bin/bin/../../lib/gcc/pic32m/13.2.1/../../../../pic32m/lib\libc-musl.a(tolower.o)
 .debug_abbrev  0x00003b0d      0x1eb C:/Program Files/Microchip/xc32/v5.00/bin/bin/../../lib/gcc/pic32m/13.2.1/../../../../pic32m/lib\libc-musl.a(__fmt_a.o)
 .debug_abbrev  0x00003cf8      0x16b C:/Program Files/Microchip/xc32/v5.00/bin/bin/../../lib/gcc/pic32m/13.2.1/../../../../pic32m/lib\libc-musl.a(__fmt_d.o)
 .debug_abbrev  0x00003e63      0x1ee C:/Program Files/Microchip/xc32/v5.00/bin/bin/../../lib/gcc/pic32m/13.2.1/../../../../pic32m/lib\libc-musl.a(__fmt_fp.o)
 .debug_abbrev  0x00004051      0x16b C:/Program Files/Microchip/xc32/v5.00/bin/bin/../../lib/gcc/pic32m/13.2.1/../../../../pic32m/lib\libc-musl.a(__fmt_o.o)
 .debug_abbrev  0x000041bc      0x15b C:/Program Files/Microchip/xc32/v5.00/bin/bin/../../lib/gcc/pic32m/13.2.1/../../../../pic32m/lib\libc-musl.a(__fmt_s.o)
 .debug_abbrev  0x00004317      0x16b C:/Program Files/Microchip/xc32/v5.00/bin/bin/../../lib/gcc/pic32m/13.2.1/../../../../pic32m/lib\libc-musl.a(__fmt_u.o)
 .debug_abbrev  0x00004482      0x15a C:/Program Files/Microchip/xc32/v5.00/bin/bin/../../lib/gcc/pic32m/13.2.1/../../../../pic32m/lib\libc-musl.a(__fmt_x.o)
 .debug_abbrev  0x000045dc       0x71 C:/Program Files/Microchip/xc32/v5.00/bin/bin/../../lib/gcc/pic32m/13.2.1/../../../../pic32m/lib\libc-musl.a(__init_stdio.o)
 .debug_abbrev  0x0000464d       0x6c C:/Program Files/Microchip/xc32/v5.00/bin/bin/../../lib/gcc/pic32m/13.2.1/../../../../pic32m/lib\libc-musl.a(__io_file_needed.o)
 .debug_abbrev  0x000046b9       0xf4 C:/Program Files/Microchip/xc32/v5.00/bin/bin/../../lib/gcc/pic32m/13.2.1/../../../../pic32m/lib\libc-musl.a(toupper.o)
 .debug_abbrev  0x000047ad       0xfe C:/Program Files/Microchip/xc32/v5.00/bin/bin/../../lib/gcc/pic32m/13.2.1/../../../../pic32m/lib\libc-musl.a(__cvt_u.o)
 .debug_abbrev  0x000048ab      0x25c C:/Program Files/Microchip/xc32/v5.00/bin/bin/../../lib/gcc/pic32m/13.2.1/../../../../pic32m/lib\libm-musl.a(fma.o)
 .debug_abbrev  0x00004b07       0xc7 C:/Program Files/Microchip/xc32/v5.00/bin/bin/../../lib/gcc/pic32m/13.2.1/../../../../pic32m/lib\libm-musl.a(scalbn.o)
 .debug_abbrev  0x00004bce       0x51 C:/Program Files/Microchip/xc32/v5.00/bin/bin/../../lib/gcc/pic32m/13.2.1/../../../../pic32m/lib\libpic32.a(_exit.o)
 .debug_abbrev  0x00004c1f       0xdd C:/Program Files/Microchip/xc32/v5.00/bin/bin/../../lib/gcc/pic32m/13.2.1/../../../../pic32m/lib\libpic32.a(write.o)
 .debug_abbrev  0x00004cfc       0x7e C:/Program Files/Microchip/xc32/v5.00/bin/bin/../../lib/gcc/pic32m/13.2.1/../../../../pic32m/lib\libpic32.a(lseek.o)
 .debug_abbrev  0x00004d7a       0x7c C:/Program Files/Microchip/xc32/v5.00/bin/bin/../../lib/gcc/pic32m/13.2.1/../../../../pic32m/lib\libpic32.a(close.o)
 .debug_abbrev  0x00004df6       0x3d C:/Program Files/Microchip/xc32/v5.00/bin/bin/../../lib/gcc/pic32m/13.2.1/../../../../pic32m/lib\libpic32.a(errno.o)
 .debug_abbrev  0x00004e33       0xaa C:/Program Files/Microchip/xc32/v5.00/bin/bin/../../lib/gcc/pic32m/13.2.1/../../../../pic32m/lib\libc-size-musl.a(memcpy.o)
 .debug_abbrev  0x00004edd       0x91 C:/Program Files/Microchip/xc32/v5.00/bin/bin/../../lib/gcc/pic32m/13.2.1/../../../../pic32m/lib\libc-size-musl.a(memset.o)
 .debug_abbrev  0x00004f6e       0x91 C:/Program Files/Microchip/xc32/v5.00/bin/bin/../../lib/gcc/pic32m/13.2.1/../../../../pic32m/lib\libc-size-musl.a(strlen.o)
 .debug_abbrev  0x00004fff       0xb5 C:/Program Files/Microchip/xc32/v5.00/bin/bin/../../lib/gcc/pic32m/13.2.1/../../../../pic32m/lib\libc-size-musl.a(strcpy.o)
 .debug_abbrev  0x000050b4       0x6e C:/Program Files/Microchip/xc32/v5.00/bin/bin/../../lib/gcc/pic32m/13.2.1/../../../../pic32m/lib\libc-size-musl.a(stpcpy.o)
 .debug_abbrev  0x00005122      0x135 C:/Program Files/Microchip/xc32/v5.00/bin/bin/../../lib/gcc/pic32m/13.2.1/../../../../pic32m/lib\libe.a(_floatdidf.o)
 .debug_abbrev  0x00005257      0x121 C:/Program Files/Microchip/xc32/v5.00/bin/bin/../../lib/gcc/pic32m/13.2.1\libgcc.a(_lshrdi3.o)
 .debug_abbrev  0x00005378      0x121 C:/Program Files/Microchip/xc32/v5.00/bin/bin/../../lib/gcc/pic32m/13.2.1\libgcc.a(_ashldi3.o)
 .debug_abbrev  0x00005499      0x198 C:/Program Files/Microchip/xc32/v5.00/bin/bin/../../lib/gcc/pic32m/13.2.1\libgcc.a(_udivdi3.o)
 .debug_abbrev  0x00005631      0x19a C:/Program Files/Microchip/xc32/v5.00/bin/bin/../../lib/gcc/pic32m/13.2.1\libgcc.a(_umoddi3.o)

.debug_line     0x00000000     0x8fd7
 *.elf(.debug_line)
 *(.debug_line)
 .debug_line    0x00000000      0x10a build/default/production/FrameworkSource/ES_CheckEvents.o
 .debug_line    0x0000010a      0x112 build/default/production/FrameworkSource/ES_DeferRecall.o
 .debug_line    0x0000021c      0x325 build/default/production/FrameworkSource/ES_Framework.o
 .debug_line    0x00000541       0xdd build/default/production/FrameworkSource/ES_LookupTables.o
 .debug_line    0x0000061e      0x240 build/default/production/FrameworkSource/ES_Port.o
 .debug_line    0x0000085e       0x3e build/default/production/FrameworkSource/ES_PostList.o
 .debug_line    0x0000089c      0x229 build/default/production/FrameworkSource/ES_Queue.o
 .debug_line    0x00000ac5      0x25b build/default/production/FrameworkSource/ES_Timers.o